[2026-08-21 00:49:57] [INFO] 成功读取CSV：uploads/100_30s.csv，采样率360.00Hz，点数10800
[2026-08-21 00:49:57] [INFO] R峰检测完成，共37个
[2026-08-21 00:49:57] [INFO] HRV特征计算完成：{'HR': 74.01, 'RR_mean': 810.65, 'RR_std': 47.28, 'SDNN': 47.28, 'RMSSD': 74.87}
[2026-08-21 00:49:57] [INFO] 波形时间特征计算完成：{'PR': 166.75, 'QRS': 50.48, 'QT': 27.78, 'QTc': 31.22}
[2026-08-21 00:49:57] [INFO] 波形振幅特征计算完成：{'ST_shift': -0.074, 'P_amp': 0.098, 'T_amp': 0.03}
[2026-08-21 00:49:57] [INFO] 12项特征提取完成：{'HR': 74.01, 'RR_mean': 810.65, 'RR_std': 47.28, 'SDNN': 47.28, 'RMSSD': 74.87, 'PR': 166.75, 'QRS': 50.48, 'QT': 27.78, 'QTc': 31.22, 'ST_shift': -0.074, 'P_amp': 0.098, 'T_amp': 0.03}
[2026-08-21 00:49:57] [INFO] XGBoost模型加载成功
[2026-08-21 00:49:57] [INFO] 模型推理完成：risk=低危, score=0.9589
[2026-08-21 00:49:57] [INFO] 心拍切分完成，共36个
[2026-08-21 00:49:59] [INFO] CNN推理完成，异常心拍数：0
[2026-08-21 00:49:59] [INFO] 双通路联合报告生成成功
[2026-08-21 00:56:45] [INFO] 成功读取CSV：uploads/100_30s.csv，采样率360.00Hz，点数10800
[2026-08-21 00:56:46] [INFO] R峰检测完成，共37个
[2026-08-21 00:56:46] [INFO] HRV特征计算完成：{'HR': 74.01, 'RR_mean': 810.65, 'RR_std': 47.28, 'SDNN': 47.28, 'RMSSD': 74.87}
[2026-08-21 00:56:46] [INFO] 波形时间特征计算完成：{'PR': 166.75, 'QRS': 50.48, 'QT': 27.78, 'QTc': 31.22}
[2026-08-21 00:56:46] [INFO] 波形振幅特征计算完成：{'ST_shift': -0.074, 'P_amp': 0.098, 'T_amp': 0.03}
[2026-08-21 00:56:46] [INFO] 12项特征提取完成：{'HR': 74.01, 'RR_mean': 810.65, 'RR_std': 47.28, 'SDNN': 47.28, 'RMSSD': 74.87, 'PR': 166.75, 'QRS': 50.48, 'QT': 27.78, 'QTc': 31.22, 'ST_shift': -0.074, 'P_amp': 0.098, 'T_amp': 0.03}
[2026-08-21 00:56:46] [INFO] XGBoost模型加载成功
[2026-08-21 00:56:46] [INFO] 模型推理完成：risk=低危, score=0.9589
[2026-08-21 00:56:46] [INFO] 心拍切分完成，共36个
[2026-08-21 00:56:46] [INFO] CNN推理完成，异常心拍数：0
[2026-08-21 00:56:47] [INFO] 双通路联合报告生成成功
[2026-08-21 00:59:21] [INFO] 成功读取CSV：uploads/100_30s.csv，采样率360.00Hz，点数10800
[2026-08-21 00:59:21] [INFO] R峰检测完成，共37个
[2026-08-21 00:59:21] [INFO] HRV特征计算完成：{'HR': 74.01, 'RR_mean': 810.65, 'RR_std': 47.28, 'SDNN': 47.28, 'RMSSD': 74.87}
[2026-08-21 00:59:21] [INFO] 波形时间特征计算完成：{'PR': 166.75, 'QRS': 50.48, 'QT': 27.78, 'QTc': 31.22}
[2026-08-21 00:59:21] [INFO] 波形振幅特征计算完成：{'ST_shift': -0.074, 'P_amp': 0.098, 'T_amp': 0.03}
[2026-08-21 00:59:21] [INFO] 12项特征提取完成：{'HR': 74.01, 'RR_mean': 810.65, 'RR_std': 47.28, 'SDNN': 47.28, 'RMSSD': 74.87, 'PR': 166.75, 'QRS': 50.48, 'QT': 27.78, 'QTc': 31.22, 'ST_shift': -0.074, 'P_amp': 0.098, 'T_amp': 0.03}
[2026-08-21 00:59:21] [INFO] XGBoost模型加载成功
[2026-08-21 00:59:21] [INFO] 模型推理完成：risk=低危, score=0.9589
[2026-08-21 00:59:21] [INFO] 心拍切分完成，共36个
[2026-08-21 00:59:22] [INFO] CNN推理完成，异常心拍数：0
[2026-08-21 00:59:34] [INFO] XGBoost模型加载成功
[2026-08-21 00:59:34] [INFO] SHAP解释计算完成
[2026-08-21 00:59:36] [INFO] 双通路联合报告生成成功
[2026-08-21 01:02:42] [INFO] 成功读取CSV：uploads/100_30s.csv，采样率360.00Hz，点数10800
[2026-08-21 01:02:42] [INFO] R峰检测完成，共37个
[2026-08-21 01:02:42] [INFO] HRV特征计算完成：{'HR': 74.01, 'RR_mean': 810.65, 'RR_std': 47.28, 'SDNN': 47.28, 'RMSSD': 74.87}
[2026-08-21 01:02:42] [INFO] 波形时间特征计算完成：{'PR': 166.75, 'QRS': 50.48, 'QT': 27.78, 'QTc': 31.22}
[2026-08-21 01:02:42] [INFO] 波形振幅特征计算完成：{'ST_shift': -0.074, 'P_amp': 0.098, 'T_amp': 0.03}
[2026-08-21 01:02:42] [INFO] 12项特征提取完成：{'HR': 74.01, 'RR_mean': 810.65, 'RR_std': 47.28, 'SDNN': 47.28, 'RMSSD': 74.87, 'PR': 166.75, 'QRS': 50.48, 'QT': 27.78, 'QTc': 31.22, 'ST_shift': -0.074, 'P_amp': 0.098, 'T_amp': 0.03}
[2026-08-21 01:02:42] [INFO] XGBoost模型加载成功
[2026-08-21 01:02:42] [INFO] 模型推理完成：risk=低危, score=0.9589
[2026-08-21 01:02:42] [INFO] 心拍切分完成，共36个
[2026-08-21 01:02:43] [INFO] CNN推理完成，异常心拍数：0
[2026-08-21 01:02:45] [INFO] XGBoost模型加载成功
[2026-08-21 01:02:45] [INFO] SHAP解释计算完成
[2026-08-21 01:02:45] [INFO] 双通路联合报告生成成功
[2026-08-21 01:02:55] [INFO] 成功读取CSV：uploads/100_30s.csv，采样率360.00Hz，点数10800
[2026-08-21 01:02:56] [INFO] R峰检测完成，共37个
[2026-08-21 01:02:56] [INFO] HRV特征计算完成：{'HR': 74.01, 'RR_mean': 810.65, 'RR_std': 47.28, 'SDNN': 47.28, 'RMSSD': 74.87}
[2026-08-21 01:02:56] [INFO] 波形时间特征计算完成：{'PR': 166.75, 'QRS': 50.48, 'QT': 27.78, 'QTc': 31.22}
[2026-08-21 01:02:56] [INFO] 波形振幅特征计算完成：{'ST_shift': -0.074, 'P_amp': 0.098, 'T_amp': 0.03}
[2026-08-21 01:02:56] [INFO] 12项特征提取完成：{'HR': 74.01, 'RR_mean': 810.65, 'RR_std': 47.28, 'SDNN': 47.28, 'RMSSD': 74.87, 'PR': 166.75, 'QRS': 50.48, 'QT': 27.78, 'QTc': 31.22, 'ST_shift': -0.074, 'P_amp': 0.098, 'T_amp': 0.03}
[2026-08-21 01:02:56] [INFO] XGBoost模型加载成功
[2026-08-21 01:02:56] [INFO] 模型推理完成：risk=低危, score=0.9589
[2026-08-21 01:02:56] [INFO] 心拍切分完成，共36个
[2026-08-21 01:02:57] [INFO] CNN推理完成，异常心拍数：0
[2026-08-21 01:02:57] [INFO] XGBoost模型加载成功
[2026-08-21 01:02:57] [INFO] SHAP解释计算完成
[2026-08-21 01:02:57] [INFO] 双通路联合报告生成成功
[2026-08-21 01:05:31] [INFO] 成功读取CSV：uploads/100_30s.csv，采样率360.00Hz，点数10800
[2026-08-21 01:05:31] [INFO] R峰检测完成，共37个
[2026-08-21 01:05:31] [INFO] HRV特征计算完成：{'HR': 74.01, 'RR_mean': 810.65, 'RR_std': 47.28, 'SDNN': 47.28, 'RMSSD': 74.87}
[2026-08-21 01:05:31] [INFO] 波形时间特征计算完成：{'PR': 166.75, 'QRS': 50.48, 'QT': 27.78, 'QTc': 31.22}
[2026-08-21 01:05:31] [INFO] 波形振幅特征计算完成：{'ST_shift': -0.074, 'P_amp': 0.098, 'T_amp': 0.03}
[2026-08-21 01:05:31] [INFO] 12项特征提取完成：{'HR': 74.01, 'RR_mean': 810.65, 'RR_std': 47.28, 'SDNN': 47.28, 'RMSSD': 74.87, 'PR': 166.75, 'QRS': 50.48, 'QT': 27.78, 'QTc': 31.22, 'ST_shift': -0.074, 'P_amp': 0.098, 'T_amp': 0.03}
[2026-08-21 01:05:31] [INFO] XGBoost模型加载成功
[2026-08-21 01:05:31] [INFO] 模型推理完成：risk=低危, score=0.9589
[2026-08-21 01:05:31] [INFO] 心拍切分完成，共36个
[2026-08-21 01:05:37] [INFO] CNN推理完成，异常心拍数：0
[2026-08-21 01:05:46] [INFO] XGBoost模型加载成功
[2026-08-21 01:05:47] [INFO] SHAP解释计算完成
[2026-08-21 01:05:48] [INFO] 双通路联合报告生成成功
[2026-08-21 01:06:31] [INFO] 成功读取CSV：uploads/100_30s.csv，采样率360.00Hz，点数10800
[2026-08-21 01:06:32] [INFO] 成功读取CSV：uploads/100_30s.csv，采样率360.00Hz，点数10800
[2026-08-21 01:06:32] [INFO] R峰检测完成，共37个
[2026-08-21 01:06:32] [INFO] HRV特征计算完成：{'HR': 74.01, 'RR_mean': 810.65, 'RR_std': 47.28, 'SDNN': 47.28, 'RMSSD': 74.87}
[2026-08-21 01:06:32] [INFO] 波形时间特征计算完成：{'PR': 166.75, 'QRS': 50.48, 'QT': 27.78, 'QTc': 31.22}
[2026-08-21 01:06:32] [INFO] 波形振幅特征计算完成：{'ST_shift': -0.074, 'P_amp': 0.098, 'T_amp': 0.03}
[2026-08-21 01:06:32] [INFO] 12项特征提取完成：{'HR': 74.01, 'RR_mean': 810.65, 'RR_std': 47.28, 'SDNN': 47.28, 'RMSSD': 74.87, 'PR': 166.75, 'QRS': 50.48, 'QT': 27.78, 'QTc': 31.22, 'ST_shift': -0.074, 'P_amp': 0.098, 'T_amp': 0.03}
[2026-08-21 01:06:32] [INFO] XGBoost模型加载成功
[2026-08-21 01:06:32] [INFO] 模型推理完成：risk=低危, score=0.9589
[2026-08-21 01:06:32] [INFO] 心拍切分完成，共36个
[2026-08-21 01:06:33] [INFO] CNN推理完成，异常心拍数：0
[2026-08-21 01:06:33] [INFO] XGBoost模型加载成功
[2026-08-21 01:06:33] [INFO] SHAP解释计算完成
[2026-08-21 01:06:33] [INFO] 双通路联合报告生成成功
[2026-08-21 01:09:03] [INFO] 成功读取CSV：uploads/100_30s.csv，采样率360.00Hz，点数10800
[2026-08-21 01:09:03] [INFO] R峰检测完成，共37个
[2026-08-21 01:09:03] [INFO] HRV特征计算完成：{'HR': 74.01, 'RR_mean': 810.65, 'RR_std': 47.28, 'SDNN': 47.28, 'RMSSD': 74.87}
[2026-08-21 01:09:03] [INFO] 波形时间特征计算完成：{'PR': 166.75, 'QRS': 50.48, 'QT': 27.78, 'QTc': 31.22}
[2026-08-21 01:09:03] [INFO] 波形振幅特征计算完成：{'ST_shift': -0.074, 'P_amp': 0.098, 'T_amp': 0.03}
[2026-08-21 01:09:03] [INFO] 12项特征提取完成：{'HR': 74.01, 'RR_mean': 810.65, 'RR_std': 47.28, 'SDNN': 47.28, 'RMSSD': 74.87, 'PR': 166.75, 'QRS': 50.48, 'QT': 27.78, 'QTc': 31.22, 'ST_shift': -0.074, 'P_amp': 0.098, 'T_amp': 0.03}
[2026-08-21 01:09:04] [INFO] XGBoost模型加载成功
[2026-08-21 01:09:04] [INFO] 模型推理完成：risk=低危, score=0.9589
[2026-08-21 01:09:04] [INFO] 心拍切分完成，共36个
[2026-08-21 01:09:04] [INFO] CNN推理完成，异常心拍数：0
[2026-08-21 01:09:13] [INFO] XGBoost模型加载成功
[2026-08-21 01:09:13] [INFO] SHAP解释计算完成
[2026-08-21 01:09:15] [INFO] 双通路联合报告生成成功
[2026-08-21 01:10:12] [INFO] 成功读取CSV：uploads/100_30s.csv，采样率360.00Hz，点数10800
[2026-08-21 01:10:12] [INFO] R峰检测完成，共37个
[2026-08-21 01:10:12] [INFO] HRV特征计算完成：{'HR': 74.01, 'RR_mean': 810.65, 'RR_std': 47.28, 'SDNN': 47.28, 'RMSSD': 74.87}
[2026-08-21 01:10:12] [INFO] 波形时间特征计算完成：{'PR': 166.75, 'QRS': 50.48, 'QT': 27.78, 'QTc': 31.22}
[2026-08-21 01:10:12] [INFO] 波形振幅特征计算完成：{'ST_shift': -0.074, 'P_amp': 0.098, 'T_amp': 0.03}
[2026-08-21 01:10:12] [INFO] 12项特征提取完成：{'HR': 74.01, 'RR_mean': 810.65, 'RR_std': 47.28, 'SDNN': 47.28, 'RMSSD': 74.87, 'PR': 166.75, 'QRS': 50.48, 'QT': 27.78, 'QTc': 31.22, 'ST_shift': -0.074, 'P_amp': 0.098, 'T_amp': 0.03}
[2026-08-21 01:10:12] [INFO] XGBoost模型加载成功
[2026-08-21 01:10:12] [INFO] 模型推理完成：risk=低危, score=0.9589
[2026-08-21 01:10:12] [INFO] 心拍切分完成，共36个
[2026-08-21 01:10:13] [INFO] CNN推理完成，异常心拍数：0
[2026-08-21 01:10:13] [INFO] XGBoost模型加载成功
[2026-08-21 01:10:13] [INFO] SHAP解释计算完成
[2026-08-21 01:10:13] [INFO] 双通路联合报告生成成功
[2026-08-21 01:32:23] [INFO] 成功读取CSV：uploads/100_30s.csv，采样率360.00Hz，点数10800
[2026-08-21 01:32:23] [INFO] R峰检测完成，共37个
[2026-08-21 01:32:23] [INFO] HRV特征计算完成：{'HR': 74.01, 'RR_mean': 810.65, 'RR_std': 47.28, 'SDNN': 47.28, 'RMSSD': 74.87}
[2026-08-21 01:32:23] [INFO] 波形时间特征计算完成：{'PR': 166.75, 'QRS': 50.48, 'QT': 27.78, 'QTc': 31.22}
[2026-08-21 01:32:23] [INFO] 波形振幅特征计算完成：{'ST_shift': -0.074, 'P_amp': 0.098, 'T_amp': 0.03}
[2026-08-21 01:32:23] [INFO] 12项特征提取完成：{'HR': 74.01, 'RR_mean': 810.65, 'RR_std': 47.28, 'SDNN': 47.28, 'RMSSD': 74.87, 'PR': 166.75, 'QRS': 50.48, 'QT': 27.78, 'QTc': 31.22, 'ST_shift': -0.074, 'P_amp': 0.098, 'T_amp': 0.03}
[2026-08-21 01:32:24] [INFO] XGBoost模型加载成功
[2026-08-21 01:32:24] [INFO] 模型推理完成：risk=低危, score=0.9589
[2026-08-21 01:32:24] [INFO] 心拍切分完成，共36个
[2026-08-21 01:32:30] [INFO] CNN推理完成，异常心拍数：0
[2026-08-21 01:32:39] [INFO] XGBoost模型加载成功
[2026-08-21 01:32:39] [INFO] SHAP解释计算完成
[2026-08-21 01:32:40] [INFO] 双通路联合报告生成成功
[2026-08-21 06:53:18] [INFO] 成功读取CSV：uploads/100_30s.csv，采样率360.00Hz，点数10800
[2026-08-21 06:53:19] [INFO] R峰检测完成，共37个
[2026-08-21 06:53:19] [INFO] HRV特征计算完成：{'HR': 74.01, 'RR_mean': 810.65, 'RR_std': 47.28, 'SDNN': 47.28, 'RMSSD': 74.87}
[2026-08-21 06:53:19] [INFO] 波形时间特征计算完成：{'PR': 166.75, 'QRS': 50.48, 'QT': 27.78, 'QTc': 31.22}
[2026-08-21 06:53:19] [INFO] 波形振幅特征计算完成：{'ST_shift': -0.074, 'P_amp': 0.098, 'T_amp': 0.03}
[2026-08-21 06:53:19] [INFO] 12项特征提取完成：{'HR': 74.01, 'RR_mean': 810.65, 'RR_std': 47.28, 'SDNN': 47.28, 'RMSSD': 74.87, 'PR': 166.75, 'QRS': 50.48, 'QT': 27.78, 'QTc': 31.22, 'ST_shift': -0.074, 'P_amp': 0.098, 'T_amp': 0.03}
[2026-08-21 06:53:19] [INFO] XGBoost模型加载成功
[2026-08-21 06:53:19] [INFO] 模型推理完成：risk=低危, score=0.9589
[2026-08-21 06:53:19] [INFO] 心拍切分完成，共36个
[2026-08-21 06:53:25] [INFO] CNN推理完成，异常心拍数：0
[2026-08-21 06:53:36] [INFO] XGBoost模型加载成功
[2026-08-21 06:53:37] [INFO] SHAP解释计算完成
[2026-08-21 06:53:38] [INFO] 双通路联合报告生成成功
[2026-08-21 06:57:30] [INFO] 成功读取CSV：uploads/100_30s.csv，采样率360.00Hz，点数10800
[2026-08-21 06:57:31] [INFO] R峰检测完成，共37个
[2026-08-21 06:57:31] [INFO] HRV特征计算完成：{'HR': 74.01, 'RR_mean': 810.65, 'RR_std': 47.28, 'SDNN': 47.28, 'RMSSD': 74.87}
[2026-08-21 06:57:31] [INFO] 波形时间特征计算完成：{'PR': 166.75, 'QRS': 50.48, 'QT': 27.78, 'QTc': 31.22}
[2026-08-21 06:57:31] [INFO] 波形振幅特征计算完成：{'ST_shift': -0.074, 'P_amp': 0.098, 'T_amp': 0.03}
[2026-08-21 06:57:31] [INFO] 12项特征提取完成：{'HR': 74.01, 'RR_mean': 810.65, 'RR_std': 47.28, 'SDNN': 47.28, 'RMSSD': 74.87, 'PR': 166.75, 'QRS': 50.48, 'QT': 27.78, 'QTc': 31.22, 'ST_shift': -0.074, 'P_amp': 0.098, 'T_amp': 0.03}
[2026-08-21 06:57:31] [INFO] XGBoost模型加载成功
[2026-08-21 06:57:31] [INFO] 模型推理完成：risk=低危, score=0.9589
[2026-08-21 06:57:31] [INFO] 心拍切分完成，共36个
[2026-08-21 06:57:32] [INFO] CNN推理完成，异常心拍数：0
[2026-08-21 06:57:33] [INFO] XGBoost模型加载成功
[2026-08-21 06:57:33] [INFO] SHAP解释计算完成
[2026-08-21 06:57:33] [INFO] 双通路联合报告生成成功
[2026-08-21 07:00:42] [INFO] 成功读取CSV：uploads/100_30s.csv，采样率360.00Hz，点数10800
[2026-08-21 07:00:42] [INFO] R峰检测完成，共37个
[2026-08-21 07:00:42] [INFO] HRV特征计算完成：{'HR': 74.01, 'RR_mean': 810.65, 'RR_std': 47.28, 'SDNN': 47.28, 'RMSSD': 74.87}
[2026-08-21 07:00:42] [INFO] 波形时间特征计算完成：{'PR': 166.75, 'QRS': 50.48, 'QT': 27.78, 'QTc': 31.22}
[2026-08-21 07:00:42] [INFO] 波形振幅特征计算完成：{'ST_shift': -0.074, 'P_amp': 0.098, 'T_amp': 0.03}
[2026-08-21 07:00:42] [INFO] 12项特征提取完成：{'HR': 74.01, 'RR_mean': 810.65, 'RR_std': 47.28, 'SDNN': 47.28, 'RMSSD': 74.87, 'PR': 166.75, 'QRS': 50.48, 'QT': 27.78, 'QTc': 31.22, 'ST_shift': -0.074, 'P_amp': 0.098, 'T_amp': 0.03}
[2026-08-21 07:00:42] [INFO] R峰检测完成，共37个
[2026-08-21 07:00:42] [INFO] HRV特征计算完成：{'HR': 74.01, 'RR_mean': 810.65, 'RR_std': 47.28, 'SDNN': 47.28, 'RMSSD': 74.87}
[2026-08-21 07:00:42] [INFO] 波形时间特征计算完成：{'PR': 166.75, 'QRS': 50.48, 'QT': 27.78, 'QTc': 31.22}
[2026-08-21 07:00:42] [INFO] 波形振幅特征计算完成：{'ST_shift': -0.074, 'P_amp': 0.098, 'T_amp': 0.03}
[2026-08-21 07:00:42] [INFO] 12项特征提取完成：{'HR': 74.01, 'RR_mean': 810.65, 'RR_std': 47.28, 'SDNN': 47.28, 'RMSSD': 74.87, 'PR': 166.75, 'QRS': 50.48, 'QT': 27.78, 'QTc': 31.22, 'ST_shift': -0.074, 'P_amp': 0.098, 'T_amp': 0.03}
[2026-08-21 07:00:42] [INFO] XGBoost模型加载成功
[2026-08-21 07:00:42] [INFO] 模型推理完成：risk=低危, score=0.9589
[2026-08-21 07:00:42] [INFO] 心拍切分完成，共36个
[2026-08-21 07:00:43] [INFO] CNN推理完成，异常心拍数：0
[2026-08-21 07:00:50] [INFO] XGBoost模型加载成功
[2026-08-21 07:00:50] [INFO] SHAP解释计算完成
[2026-08-21 07:00:51] [INFO] 双通路联合报告生成成功
[2026-08-21 07:02:49] [INFO] 成功读取CSV：uploads/100_30s.csv，采样率360.00Hz，点数10800
[2026-08-21 07:02:49] [INFO] R峰检测完成，共37个
[2026-08-21 07:02:49] [INFO] HRV特征计算完成：{'HR': 74.01, 'RR_mean': 810.65, 'RR_std': 47.28, 'SDNN': 47.28, 'RMSSD': 74.87}
[2026-08-21 07:02:49] [INFO] 波形时间特征计算完成：{'PR': 166.75, 'QRS': 50.48, 'QT': 27.78, 'QTc': 31.22}
[2026-08-21 07:02:49] [INFO] 波形振幅特征计算完成：{'ST_shift': -0.074, 'P_amp': 0.098, 'T_amp': 0.03}
[2026-08-21 07:02:49] [INFO] 12项特征提取完成：{'HR': 74.01, 'RR_mean': 810.65, 'RR_std': 47.28, 'SDNN': 47.28, 'RMSSD': 74.87, 'PR': 166.75, 'QRS': 50.48, 'QT': 27.78, 'QTc': 31.22, 'ST_shift': -0.074, 'P_amp': 0.098, 'T_amp': 0.03}
[2026-08-21 07:02:49] [INFO] R峰检测完成，共37个
[2026-08-21 07:02:49] [INFO] HRV特征计算完成：{'HR': 74.01, 'RR_mean': 810.65, 'RR_std': 47.28, 'SDNN': 47.28, 'RMSSD': 74.87}
[2026-08-21 07:02:49] [INFO] 波形时间特征计算完成：{'PR': 166.75, 'QRS': 50.48, 'QT': 27.78, 'QTc': 31.22}
[2026-08-21 07:02:49] [INFO] 波形振幅特征计算完成：{'ST_shift': -0.074, 'P_amp': 0.098, 'T_amp': 0.03}
[2026-08-21 07:02:49] [INFO] 12项特征提取完成：{'HR': 74.01, 'RR_mean': 810.65, 'RR_std': 47.28, 'SDNN': 47.28, 'RMSSD': 74.87, 'PR': 166.75, 'QRS': 50.48, 'QT': 27.78, 'QTc': 31.22, 'ST_shift': -0.074, 'P_amp': 0.098, 'T_amp': 0.03}
[2026-08-21 07:02:49] [INFO] XGBoost模型加载成功
[2026-08-21 07:02:49] [INFO] 模型推理完成：risk=低危, score=0.9589
[2026-08-21 07:02:49] [INFO] 心拍切分完成，共36个
[2026-08-21 07:02:50] [INFO] CNN推理完成，异常心拍数：0
[2026-08-21 07:02:52] [INFO] XGBoost模型加载成功
[2026-08-21 07:02:52] [INFO] SHAP解释计算完成
[2026-08-21 07:02:53] [INFO] 双通路联合报告生成成功
[2026-08-21 07:13:13] [INFO] 成功读取CSV：uploads/100_30s.csv，采样率360.00Hz，点数10800
[2026-08-21 07:13:14] [INFO] R峰检测完成，共37个
[2026-08-21 07:13:14] [INFO] HRV特征计算完成：{'HR': 74.01, 'RR_mean': 810.65, 'RR_std': 47.28, 'SDNN': 47.28, 'RMSSD': 74.87}
[2026-08-21 07:13:14] [INFO] 波形时间特征计算完成：{'PR': 166.75, 'QRS': 50.48, 'QT': 27.78, 'QTc': 31.22}
[2026-08-21 07:13:14] [INFO] 波形振幅特征计算完成：{'ST_shift': -0.074, 'P_amp': 0.098, 'T_amp': 0.03}
[2026-08-21 07:13:14] [INFO] 12项特征提取完成：{'HR': 74.01, 'RR_mean': 810.65, 'RR_std': 47.28, 'SDNN': 47.28, 'RMSSD': 74.87, 'PR': 166.75, 'QRS': 50.48, 'QT': 27.78, 'QTc': 31.22, 'ST_shift': -0.074, 'P_amp': 0.098, 'T_amp': 0.03}
[2026-08-21 07:13:14] [INFO] XGBoost模型加载成功
[2026-08-21 07:13:14] [INFO] 模型推理完成：risk=低危, score=0.9589
[2026-08-21 07:13:14] [INFO] 心拍切分完成，共36个
[2026-08-21 07:13:15] [INFO] CNN推理完成，异常心拍数：0
[2026-08-21 07:13:22] [INFO] XGBoost模型加载成功
[2026-08-21 07:13:22] [INFO] SHAP解释计算完成
[2026-08-21 07:13:23] [INFO] 双通路联合报告生成成功
[2026-08-21 07:13:31] [INFO] 成功读取CSV：uploads/100_30s.csv，采样率360.00Hz，点数10800
[2026-08-21 07:13:32] [INFO] R峰检测完成，共37个
[2026-08-21 07:13:32] [INFO] HRV特征计算完成：{'HR': 74.01, 'RR_mean': 810.65, 'RR_std': 47.28, 'SDNN': 47.28, 'RMSSD': 74.87}
[2026-08-21 07:13:32] [INFO] 波形时间特征计算完成：{'PR': 166.75, 'QRS': 50.48, 'QT': 27.78, 'QTc': 31.22}
[2026-08-21 07:13:32] [INFO] 波形振幅特征计算完成：{'ST_shift': -0.074, 'P_amp': 0.098, 'T_amp': 0.03}
[2026-08-21 07:13:32] [INFO] 12项特征提取完成：{'HR': 74.01, 'RR_mean': 810.65, 'RR_std': 47.28, 'SDNN': 47.28, 'RMSSD': 74.87, 'PR': 166.75, 'QRS': 50.48, 'QT': 27.78, 'QTc': 31.22, 'ST_shift': -0.074, 'P_amp': 0.098, 'T_amp': 0.03}
[2026-08-21 07:13:32] [INFO] XGBoost模型加载成功
[2026-08-21 07:13:32] [INFO] 模型推理完成：risk=低危, score=0.9589
[2026-08-21 07:13:32] [INFO] 心拍切分完成，共36个
[2026-08-21 07:13:33] [INFO] CNN推理完成，异常心拍数：0
[2026-08-21 07:13:33] [INFO] XGBoost模型加载成功
[2026-08-21 07:13:34] [INFO] SHAP解释计算完成
[2026-08-21 07:13:34] [INFO] 双通路联合报告生成成功
[2026-08-21 07:13:35] [INFO] 成功读取CSV：uploads/100_30s.csv，采样率360.00Hz，点数10800
[2026-08-21 07:13:35] [INFO] R峰检测完成，共37个
[2026-08-21 07:13:35] [INFO] HRV特征计算完成：{'HR': 74.01, 'RR_mean': 810.65, 'RR_std': 47.28, 'SDNN': 47.28, 'RMSSD': 74.87}
[2026-08-21 07:13:35] [INFO] 波形时间特征计算完成：{'PR': 166.75, 'QRS': 50.48, 'QT': 27.78, 'QTc': 31.22}
[2026-08-21 07:13:35] [INFO] 波形振幅特征计算完成：{'ST_shift': -0.074, 'P_amp': 0.098, 'T_amp': 0.03}
[2026-08-21 07:13:35] [INFO] 12项特征提取完成：{'HR': 74.01, 'RR_mean': 810.65, 'RR_std': 47.28, 'SDNN': 47.28, 'RMSSD': 74.87, 'PR': 166.75, 'QRS': 50.48, 'QT': 27.78, 'QTc': 31.22, 'ST_shift': -0.074, 'P_amp': 0.098, 'T_amp': 0.03}
[2026-08-21 07:13:35] [INFO] XGBoost模型加载成功
[2026-08-21 07:13:35] [INFO] 模型推理完成：risk=低危, score=0.9589
[2026-08-21 07:13:35] [INFO] 心拍切分完成，共36个
[2026-08-21 07:13:36] [INFO] CNN推理完成，异常心拍数：0
[2026-08-21 07:13:36] [INFO] XGBoost模型加载成功
[2026-08-21 07:13:36] [INFO] SHAP解释计算完成
[2026-08-21 07:13:36] [INFO] 双通路联合报告生成成功
[2026-08-21 07:17:53] [INFO] 成功读取CSV：uploads/100_30s.csv，采样率360.00Hz，点数10800
[2026-08-21 07:17:53] [INFO] R峰检测完成，共37个
[2026-08-21 07:17:53] [INFO] HRV特征计算完成：{'HR': 74.01, 'RR_mean': 810.65, 'RR_std': 47.28, 'SDNN': 47.28, 'RMSSD': 74.87}
[2026-08-21 07:17:53] [INFO] 波形时间特征计算完成：{'PR': 166.75, 'QRS': 50.48, 'QT': 27.78, 'QTc': 31.22}
[2026-08-21 07:17:53] [INFO] 波形振幅特征计算完成：{'ST_shift': -0.074, 'P_amp': 0.098, 'T_amp': 0.03}
[2026-08-21 07:17:53] [INFO] 12项特征提取完成：{'HR': 74.01, 'RR_mean': 810.65, 'RR_std': 47.28, 'SDNN': 47.28, 'RMSSD': 74.87, 'PR': 166.75, 'QRS': 50.48, 'QT': 27.78, 'QTc': 31.22, 'ST_shift': -0.074, 'P_amp': 0.098, 'T_amp': 0.03}
[2026-08-21 07:17:53] [INFO] XGBoost模型加载成功
[2026-08-21 07:17:53] [INFO] 模型推理完成：risk=低危, score=0.9589
[2026-08-21 07:17:53] [INFO] 心拍切分完成，共36个
[2026-08-21 07:17:54] [INFO] CNN推理完成，异常心拍数：0
[2026-08-21 07:17:55] [INFO] XGBoost模型加载成功
[2026-08-21 07:17:55] [INFO] SHAP解释计算完成
[2026-08-21 07:17:56] [INFO] 双通路联合报告生成成功
[2026-08-21 07:18:00] [INFO] 成功读取CSV：uploads/100_30s.csv，采样率360.00Hz，点数10800
[2026-08-21 07:18:01] [INFO] 成功读取CSV：uploads/100_30s.csv，采样率360.00Hz，点数10800
[2026-08-21 07:18:01] [INFO] R峰检测完成，共37个
[2026-08-21 07:18:01] [INFO] HRV特征计算完成：{'HR': 74.01, 'RR_mean': 810.65, 'RR_std': 47.28, 'SDNN': 47.28, 'RMSSD': 74.87}
[2026-08-21 07:18:01] [INFO] 波形时间特征计算完成：{'PR': 166.75, 'QRS': 50.48, 'QT': 27.78, 'QTc': 31.22}
[2026-08-21 07:18:01] [INFO] 波形振幅特征计算完成：{'ST_shift': -0.074, 'P_amp': 0.098, 'T_amp': 0.03}
[2026-08-21 07:18:01] [INFO] 12项特征提取完成：{'HR': 74.01, 'RR_mean': 810.65, 'RR_std': 47.28, 'SDNN': 47.28, 'RMSSD': 74.87, 'PR': 166.75, 'QRS': 50.48, 'QT': 27.78, 'QTc': 31.22, 'ST_shift': -0.074, 'P_amp': 0.098, 'T_amp': 0.03}
[2026-08-21 07:18:01] [INFO] XGBoost模型加载成功
[2026-08-21 07:18:01] [INFO] 模型推理完成：risk=低危, score=0.9589
[2026-08-21 07:18:01] [INFO] 心拍切分完成，共36个
[2026-08-21 07:18:02] [INFO] CNN推理完成，异常心拍数：0
[2026-08-21 07:18:10] [INFO] 成功读取CSV：uploads/100_30s.csv，采样率360.00Hz，点数10800
[2026-08-21 07:18:11] [INFO] R峰检测完成，共37个
[2026-08-21 07:18:11] [INFO] HRV特征计算完成：{'HR': 74.01, 'RR_mean': 810.65, 'RR_std': 47.28, 'SDNN': 47.28, 'RMSSD': 74.87}
[2026-08-21 07:18:11] [INFO] 波形时间特征计算完成：{'PR': 166.75, 'QRS': 50.48, 'QT': 27.78, 'QTc': 31.22}
[2026-08-21 07:18:11] [INFO] 波形振幅特征计算完成：{'ST_shift': -0.074, 'P_amp': 0.098, 'T_amp': 0.03}
[2026-08-21 07:18:11] [INFO] 12项特征提取完成：{'HR': 74.01, 'RR_mean': 810.65, 'RR_std': 47.28, 'SDNN': 47.28, 'RMSSD': 74.87, 'PR': 166.75, 'QRS': 50.48, 'QT': 27.78, 'QTc': 31.22, 'ST_shift': -0.074, 'P_amp': 0.098, 'T_amp': 0.03}
[2026-08-21 07:18:11] [INFO] XGBoost模型加载成功
[2026-08-21 07:18:11] [INFO] 模型推理完成：risk=低危, score=0.9589
[2026-08-21 07:18:11] [INFO] 心拍切分完成，共36个
[2026-08-21 07:18:11] [INFO] CNN推理完成，异常心拍数：0
[2026-08-21 07:18:11] [INFO] XGBoost模型加载成功
[2026-08-21 07:18:12] [INFO] SHAP解释计算完成
[2026-08-21 07:18:12] [INFO] 双通路联合报告生成成功
[2026-08-21 07:18:22] [INFO] 成功读取CSV：uploads/100_30s.csv，采样率360.00Hz，点数10800
[2026-08-21 07:18:22] [INFO] R峰检测完成，共37个
[2026-08-21 07:18:22] [INFO] HRV特征计算完成：{'HR': 74.01, 'RR_mean': 810.65, 'RR_std': 47.28, 'SDNN': 47.28, 'RMSSD': 74.87}
[2026-08-21 07:18:22] [INFO] 波形时间特征计算完成：{'PR': 166.75, 'QRS': 50.48, 'QT': 27.78, 'QTc': 31.22}
[2026-08-21 07:18:22] [INFO] 波形振幅特征计算完成：{'ST_shift': -0.074, 'P_amp': 0.098, 'T_amp': 0.03}
[2026-08-21 07:18:22] [INFO] 12项特征提取完成：{'HR': 74.01, 'RR_mean': 810.65, 'RR_std': 47.28, 'SDNN': 47.28, 'RMSSD': 74.87, 'PR': 166.75, 'QRS': 50.48, 'QT': 27.78, 'QTc': 31.22, 'ST_shift': -0.074, 'P_amp': 0.098, 'T_amp': 0.03}
[2026-08-21 07:18:22] [INFO] 成功读取CSV：uploads/100_30s.csv，采样率360.00Hz，点数10800
[2026-08-21 07:18:23] [INFO] R峰检测完成，共37个
[2026-08-21 07:18:23] [INFO] HRV特征计算完成：{'HR': 74.01, 'RR_mean': 810.65, 'RR_std': 47.28, 'SDNN': 47.28, 'RMSSD': 74.87}
[2026-08-21 07:18:23] [INFO] 波形时间特征计算完成：{'PR': 166.75, 'QRS': 50.48, 'QT': 27.78, 'QTc': 31.22}
[2026-08-21 07:18:23] [INFO] 波形振幅特征计算完成：{'ST_shift': -0.074, 'P_amp': 0.098, 'T_amp': 0.03}
[2026-08-21 07:18:23] [INFO] 12项特征提取完成：{'HR': 74.01, 'RR_mean': 810.65, 'RR_std': 47.28, 'SDNN': 47.28, 'RMSSD': 74.87, 'PR': 166.75, 'QRS': 50.48, 'QT': 27.78, 'QTc': 31.22, 'ST_shift': -0.074, 'P_amp': 0.098, 'T_amp': 0.03}
[2026-08-21 07:18:23] [INFO] XGBoost模型加载成功
[2026-08-21 07:18:23] [INFO] 模型推理完成：risk=低危, score=0.9589
[2026-08-21 07:18:23] [INFO] 心拍切分完成，共36个
[2026-08-21 07:18:23] [INFO] CNN推理完成，异常心拍数：0
[2026-08-21 07:18:24] [INFO] XGBoost模型加载成功
[2026-08-21 07:18:24] [INFO] SHAP解释计算完成
[2026-08-21 07:18:24] [INFO] 双通路联合报告生成成功
[2026-08-21 07:22:58] [INFO] 成功读取CSV：uploads/100_30s.csv，采样率360.00Hz，点数10800
[2026-08-21 07:22:58] [INFO] R峰检测完成，共37个
[2026-08-21 07:22:58] [INFO] HRV特征计算完成：{'HR': 74.01, 'RR_mean': 810.65, 'RR_std': 47.28, 'SDNN': 47.28, 'RMSSD': 74.87}
[2026-08-21 07:22:58] [INFO] 波形时间特征计算完成：{'PR': 166.75, 'QRS': 50.48, 'QT': 27.78, 'QTc': 31.22}
[2026-08-21 07:22:58] [INFO] 波形振幅特征计算完成：{'ST_shift': -0.074, 'P_amp': 0.098, 'T_amp': 0.03}
[2026-08-21 07:22:58] [INFO] 12项特征提取完成：{'HR': 74.01, 'RR_mean': 810.65, 'RR_std': 47.28, 'SDNN': 47.28, 'RMSSD': 74.87, 'PR': 166.75, 'QRS': 50.48, 'QT': 27.78, 'QTc': 31.22, 'ST_shift': -0.074, 'P_amp': 0.098, 'T_amp': 0.03}
[2026-08-21 07:22:58] [INFO] XGBoost模型加载成功
[2026-08-21 07:22:58] [INFO] 模型推理完成：risk=低危, score=0.9589
[2026-08-21 07:22:58] [INFO] 心拍切分完成，共36个
[2026-08-21 07:22:59] [INFO] CNN推理完成，异常心拍数：0
[2026-08-21 07:23:01] [INFO] XGBoost模型加载成功
[2026-08-21 07:23:01] [INFO] SHAP解释计算完成
[2026-08-21 07:23:01] [INFO] 双通路联合报告生成成功
[2026-08-21 07:23:06] [INFO] 成功读取CSV：uploads/100_30s.csv，采样率360.00Hz，点数10800
[2026-08-21 07:23:07] [INFO] 成功读取CSV：uploads/100_30s.csv，采样率360.00Hz，点数10800
[2026-08-21 07:23:07] [INFO] R峰检测完成，共37个
[2026-08-21 07:23:07] [INFO] HRV特征计算完成：{'HR': 74.01, 'RR_mean': 810.65, 'RR_std': 47.28, 'SDNN': 47.28, 'RMSSD': 74.87}
[2026-08-21 07:23:07] [INFO] 波形时间特征计算完成：{'PR': 166.75, 'QRS': 50.48, 'QT': 27.78, 'QTc': 31.22}
[2026-08-21 07:23:07] [INFO] 波形振幅特征计算完成：{'ST_shift': -0.074, 'P_amp': 0.098, 'T_amp': 0.03}
[2026-08-21 07:23:07] [INFO] 12项特征提取完成：{'HR': 74.01, 'RR_mean': 810.65, 'RR_std': 47.28, 'SDNN': 47.28, 'RMSSD': 74.87, 'PR': 166.75, 'QRS': 50.48, 'QT': 27.78, 'QTc': 31.22, 'ST_shift': -0.074, 'P_amp': 0.098, 'T_amp': 0.03}
[2026-08-21 07:23:07] [INFO] XGBoost模型加载成功
[2026-08-21 07:23:07] [INFO] 模型推理完成：risk=低危, score=0.9589
[2026-08-21 07:23:07] [INFO] 心拍切分完成，共36个
[2026-08-21 07:23:07] [INFO] CNN推理完成，异常心拍数：0
[2026-08-21 07:23:08] [INFO] XGBoost模型加载成功
[2026-08-21 07:23:08] [INFO] SHAP解释计算完成
[2026-08-21 07:23:08] [INFO] 双通路联合报告生成成功
[2026-08-21 07:34:29] [INFO] 成功读取CSV：uploads/100_30s.csv，采样率360.00Hz，点数10800
[2026-08-21 07:34:30] [INFO] R峰检测完成，共37个
[2026-08-21 07:34:30] [INFO] HRV特征计算完成：{'HR': 74.01, 'RR_mean': 810.65, 'RR_std': 47.28, 'SDNN': 47.28, 'RMSSD': 74.87}
[2026-08-21 07:34:30] [INFO] 波形时间特征计算完成：{'PR': 166.75, 'QRS': 50.48, 'QT': 27.78, 'QTc': 31.22}
[2026-08-21 07:34:30] [INFO] 波形振幅特征计算完成：{'ST_shift': -0.074, 'P_amp': 0.098, 'T_amp': 0.03}
[2026-08-21 07:34:30] [INFO] 12项特征提取完成：{'HR': 74.01, 'RR_mean': 810.65, 'RR_std': 47.28, 'SDNN': 47.28, 'RMSSD': 74.87, 'PR': 166.75, 'QRS': 50.48, 'QT': 27.78, 'QTc': 31.22, 'ST_shift': -0.074, 'P_amp': 0.098, 'T_amp': 0.03}
[2026-08-21 07:34:30] [INFO] XGBoost模型加载成功
[2026-08-21 07:34:30] [INFO] 模型推理完成：risk=低危, score=0.9589
[2026-08-21 07:39:52] [INFO] 成功读取CSV：uploads/100_30s.csv，采样率360.00Hz，点数10800
[2026-08-21 07:39:52] [INFO] R峰检测完成，共37个
[2026-08-21 07:39:52] [INFO] HRV特征计算完成：{'HR': 74.01, 'RR_mean': 810.65, 'RR_std': 47.28, 'SDNN': 47.28, 'RMSSD': 74.87}
[2026-08-21 07:39:52] [INFO] 波形时间特征计算完成：{'PR': 166.75, 'QRS': 50.48, 'QT': 27.78, 'QTc': 31.22}
[2026-08-21 07:39:52] [INFO] 波形振幅特征计算完成：{'ST_shift': -0.074, 'P_amp': 0.098, 'T_amp': 0.03}
[2026-08-21 07:39:52] [INFO] 12项特征提取完成：{'HR': 74.01, 'RR_mean': 810.65, 'RR_std': 47.28, 'SDNN': 47.28, 'RMSSD': 74.87, 'PR': 166.75, 'QRS': 50.48, 'QT': 27.78, 'QTc': 31.22, 'ST_shift': -0.074, 'P_amp': 0.098, 'T_amp': 0.03}
[2026-08-21 07:39:52] [INFO] XGBoost模型加载成功
[2026-08-21 07:39:52] [INFO] 模型推理完成：risk=低危, score=0.9589
[2026-08-21 07:39:52] [INFO] 心拍切分完成，共36个
[2026-08-21 07:39:58] [INFO] CNN推理完成，异常心拍数：0
[2026-08-21 07:40:08] [INFO] XGBoost模型加载成功
[2026-08-21 07:40:08] [INFO] SHAP解释计算完成
[2026-08-21 07:40:19] [INFO] 成功读取CSV：uploads/100_30s.csv，采样率360.00Hz，点数10800
[2026-08-21 07:40:19] [INFO] R峰检测完成，共37个
[2026-08-21 07:40:19] [INFO] HRV特征计算完成：{'HR': 74.01, 'RR_mean': 810.65, 'RR_std': 47.28, 'SDNN': 47.28, 'RMSSD': 74.87}
[2026-08-21 07:40:19] [INFO] 波形时间特征计算完成：{'PR': 166.75, 'QRS': 50.48, 'QT': 27.78, 'QTc': 31.22}
[2026-08-21 07:40:19] [INFO] 波形振幅特征计算完成：{'ST_shift': -0.074, 'P_amp': 0.098, 'T_amp': 0.03}
[2026-08-21 07:40:19] [INFO] 12项特征提取完成：{'HR': 74.01, 'RR_mean': 810.65, 'RR_std': 47.28, 'SDNN': 47.28, 'RMSSD': 74.87, 'PR': 166.75, 'QRS': 50.48, 'QT': 27.78, 'QTc': 31.22, 'ST_shift': -0.074, 'P_amp': 0.098, 'T_amp': 0.03}
[2026-08-21 07:40:19] [INFO] XGBoost模型加载成功
[2026-08-21 07:40:19] [INFO] 模型推理完成：risk=低危, score=0.9589
[2026-08-21 07:40:19] [INFO] 心拍切分完成，共36个
[2026-08-21 07:40:20] [INFO] CNN推理完成，异常心拍数：0
[2026-08-21 07:40:20] [INFO] XGBoost模型加载成功
[2026-08-21 07:40:20] [INFO] SHAP解释计算完成
[2026-08-21 07:40:20] [INFO] 双通路联合报告生成成功
[2026-08-21 07:40:33] [INFO] 成功读取CSV：uploads/100_30s.csv，采样率360.00Hz，点数10800
[2026-08-21 07:40:33] [INFO] R峰检测完成，共37个
[2026-08-21 07:40:33] [INFO] HRV特征计算完成：{'HR': 74.01, 'RR_mean': 810.65, 'RR_std': 47.28, 'SDNN': 47.28, 'RMSSD': 74.87}
[2026-08-21 07:40:33] [INFO] 波形时间特征计算完成：{'PR': 166.75, 'QRS': 50.48, 'QT': 27.78, 'QTc': 31.22}
[2026-08-21 07:40:33] [INFO] 波形振幅特征计算完成：{'ST_shift': -0.074, 'P_amp': 0.098, 'T_amp': 0.03}
[2026-08-21 07:40:33] [INFO] 12项特征提取完成：{'HR': 74.01, 'RR_mean': 810.65, 'RR_std': 47.28, 'SDNN': 47.28, 'RMSSD': 74.87, 'PR': 166.75, 'QRS': 50.48, 'QT': 27.78, 'QTc': 31.22, 'ST_shift': -0.074, 'P_amp': 0.098, 'T_amp': 0.03}
[2026-08-21 07:40:33] [INFO] XGBoost模型加载成功
[2026-08-21 07:40:33] [INFO] 模型推理完成：risk=低危, score=0.9589
[2026-08-21 07:40:33] [INFO] 心拍切分完成，共36个
[2026-08-21 07:40:34] [INFO] CNN推理完成，异常心拍数：0
[2026-08-21 07:40:34] [INFO] XGBoost模型加载成功
[2026-08-21 07:40:34] [INFO] SHAP解释计算完成
[2026-08-21 07:40:34] [INFO] 双通路联合报告生成成功
[2026-08-21 07:44:31] [INFO] 成功读取CSV：uploads/100_30s.csv，采样率360.00Hz，点数10800
[2026-08-21 07:44:32] [INFO] R峰检测完成，共37个
[2026-08-21 07:44:32] [INFO] HRV特征计算完成：{'HR': 74.01, 'RR_mean': 810.65, 'RR_std': 47.28, 'SDNN': 47.28, 'RMSSD': 74.87}
[2026-08-21 07:44:32] [INFO] 波形时间特征计算完成：{'PR': 166.75, 'QRS': 50.48, 'QT': 27.78, 'QTc': 31.22}
[2026-08-21 07:44:32] [INFO] 波形振幅特征计算完成：{'ST_shift': -0.074, 'P_amp': 0.098, 'T_amp': 0.03}
[2026-08-21 07:44:32] [INFO] 12项特征提取完成：{'HR': 74.01, 'RR_mean': 810.65, 'RR_std': 47.28, 'SDNN': 47.28, 'RMSSD': 74.87, 'PR': 166.75, 'QRS': 50.48, 'QT': 27.78, 'QTc': 31.22, 'ST_shift': -0.074, 'P_amp': 0.098, 'T_amp': 0.03}
[2026-08-21 07:44:32] [INFO] XGBoost模型加载成功
[2026-08-21 07:44:32] [INFO] 模型推理完成：risk=低危, score=0.9589
[2026-08-21 07:44:32] [INFO] 心拍切分完成，共36个
[2026-08-21 07:44:38] [INFO] CNN推理完成，异常心拍数：0
[2026-08-21 07:44:48] [INFO] 成功读取CSV：uploads/100_30s.csv，采样率360.00Hz，点数10800
[2026-08-21 07:44:49] [INFO] R峰检测完成，共37个
[2026-08-21 07:44:49] [INFO] HRV特征计算完成：{'HR': 74.01, 'RR_mean': 810.65, 'RR_std': 47.28, 'SDNN': 47.28, 'RMSSD': 74.87}
[2026-08-21 07:44:49] [INFO] 波形时间特征计算完成：{'PR': 166.75, 'QRS': 50.48, 'QT': 27.78, 'QTc': 31.22}
[2026-08-21 07:44:49] [INFO] 波形振幅特征计算完成：{'ST_shift': -0.074, 'P_amp': 0.098, 'T_amp': 0.03}
[2026-08-21 07:44:49] [INFO] 12项特征提取完成：{'HR': 74.01, 'RR_mean': 810.65, 'RR_std': 47.28, 'SDNN': 47.28, 'RMSSD': 74.87, 'PR': 166.75, 'QRS': 50.48, 'QT': 27.78, 'QTc': 31.22, 'ST_shift': -0.074, 'P_amp': 0.098, 'T_amp': 0.03}
[2026-08-21 07:44:49] [INFO] XGBoost模型加载成功
[2026-08-21 07:44:49] [INFO] 模型推理完成：risk=低危, score=0.9589
[2026-08-21 07:44:49] [INFO] 心拍切分完成，共36个
[2026-08-21 07:44:50] [INFO] CNN推理完成，异常心拍数：0
[2026-08-21 07:45:00] [INFO] XGBoost模型加载成功
[2026-08-21 07:45:00] [INFO] SHAP解释计算完成
[2026-08-21 07:45:01] [INFO] 双通路联合报告生成成功
[2026-08-21 07:45:18] [INFO] 成功读取CSV：uploads/100_30s.csv，采样率360.00Hz，点数10800
[2026-08-21 07:45:18] [INFO] R峰检测完成，共37个
[2026-08-21 07:45:18] [INFO] HRV特征计算完成：{'HR': 74.01, 'RR_mean': 810.65, 'RR_std': 47.28, 'SDNN': 47.28, 'RMSSD': 74.87}
[2026-08-21 07:45:18] [INFO] 波形时间特征计算完成：{'PR': 166.75, 'QRS': 50.48, 'QT': 27.78, 'QTc': 31.22}
[2026-08-21 07:45:18] [INFO] 波形振幅特征计算完成：{'ST_shift': -0.074, 'P_amp': 0.098, 'T_amp': 0.03}
[2026-08-21 07:45:18] [INFO] 12项特征提取完成：{'HR': 74.01, 'RR_mean': 810.65, 'RR_std': 47.28, 'SDNN': 47.28, 'RMSSD': 74.87, 'PR': 166.75, 'QRS': 50.48, 'QT': 27.78, 'QTc': 31.22, 'ST_shift': -0.074, 'P_amp': 0.098, 'T_amp': 0.03}
[2026-08-21 07:45:18] [INFO] XGBoost模型加载成功
[2026-08-21 07:45:18] [INFO] 模型推理完成：risk=低危, score=0.9589
[2026-08-21 07:45:18] [INFO] 心拍切分完成，共36个
[2026-08-21 07:45:19] [INFO] CNN推理完成，异常心拍数：0
[2026-08-21 07:45:19] [INFO] XGBoost模型加载成功
[2026-08-21 07:45:19] [INFO] SHAP解释计算完成
[2026-08-21 07:45:19] [INFO] 双通路联合报告生成成功
[2026-08-21 07:47:58] [INFO] 成功读取CSV：uploads/100_30s.csv，采样率360.00Hz，点数10800
[2026-08-21 07:47:58] [INFO] R峰检测完成，共37个
[2026-08-21 07:47:58] [INFO] HRV特征计算完成：{'HR': 74.01, 'RR_mean': 810.65, 'RR_std': 47.28, 'SDNN': 47.28, 'RMSSD': 74.87}
[2026-08-21 07:47:58] [INFO] 波形时间特征计算完成：{'PR': 166.75, 'QRS': 50.48, 'QT': 27.78, 'QTc': 31.22}
[2026-08-21 07:47:58] [INFO] 波形振幅特征计算完成：{'ST_shift': -0.074, 'P_amp': 0.098, 'T_amp': 0.03}
[2026-08-21 07:47:58] [INFO] 12项特征提取完成：{'HR': 74.01, 'RR_mean': 810.65, 'RR_std': 47.28, 'SDNN': 47.28, 'RMSSD': 74.87, 'PR': 166.75, 'QRS': 50.48, 'QT': 27.78, 'QTc': 31.22, 'ST_shift': -0.074, 'P_amp': 0.098, 'T_amp': 0.03}
[2026-08-21 07:47:58] [INFO] XGBoost模型加载成功
[2026-08-21 07:47:58] [INFO] 模型推理完成：risk=低危, score=0.9589
[2026-08-21 07:47:58] [INFO] 心拍切分完成，共36个
[2026-08-21 07:47:59] [INFO] CNN推理完成，异常心拍数：0
[2026-08-21 07:48:01] [INFO] XGBoost模型加载成功
[2026-08-21 07:48:01] [INFO] SHAP解释计算完成
[2026-08-21 07:48:01] [INFO] 双通路联合报告生成成功
[2026-08-21 07:48:07] [INFO] 成功读取CSV：uploads/100_30s.csv，采样率360.00Hz，点数10800
[2026-08-21 07:48:07] [INFO] R峰检测完成，共37个
[2026-08-21 07:48:07] [INFO] HRV特征计算完成：{'HR': 74.01, 'RR_mean': 810.65, 'RR_std': 47.28, 'SDNN': 47.28, 'RMSSD': 74.87}
[2026-08-21 07:48:07] [INFO] 波形时间特征计算完成：{'PR': 166.75, 'QRS': 50.48, 'QT': 27.78, 'QTc': 31.22}
[2026-08-21 07:48:07] [INFO] 波形振幅特征计算完成：{'ST_shift': -0.074, 'P_amp': 0.098, 'T_amp': 0.03}
[2026-08-21 07:48:07] [INFO] 12项特征提取完成：{'HR': 74.01, 'RR_mean': 810.65, 'RR_std': 47.28, 'SDNN': 47.28, 'RMSSD': 74.87, 'PR': 166.75, 'QRS': 50.48, 'QT': 27.78, 'QTc': 31.22, 'ST_shift': -0.074, 'P_amp': 0.098, 'T_amp': 0.03}
[2026-08-21 07:48:07] [INFO] XGBoost模型加载成功
[2026-08-21 07:48:07] [INFO] 模型推理完成：risk=低危, score=0.9589
[2026-08-21 07:48:07] [INFO] 心拍切分完成，共36个
[2026-08-21 07:48:08] [INFO] CNN推理完成，异常心拍数：0
[2026-08-21 07:51:41] [INFO] 成功读取CSV：uploads/100_30s.csv，采样率360.00Hz，点数10800
[2026-08-21 07:51:41] [INFO] R峰检测完成，共37个
[2026-08-21 07:51:41] [INFO] HRV特征计算完成：{'HR': 74.01, 'RR_mean': 810.65, 'RR_std': 47.28, 'SDNN': 47.28, 'RMSSD': 74.87}
[2026-08-21 07:51:41] [INFO] 波形时间特征计算完成：{'PR': 166.75, 'QRS': 50.48, 'QT': 27.78, 'QTc': 31.22}
[2026-08-21 07:51:41] [INFO] 波形振幅特征计算完成：{'ST_shift': -0.074, 'P_amp': 0.098, 'T_amp': 0.03}
[2026-08-21 07:51:41] [INFO] 12项特征提取完成：{'HR': 74.01, 'RR_mean': 810.65, 'RR_std': 47.28, 'SDNN': 47.28, 'RMSSD': 74.87, 'PR': 166.75, 'QRS': 50.48, 'QT': 27.78, 'QTc': 31.22, 'ST_shift': -0.074, 'P_amp': 0.098, 'T_amp': 0.03}
[2026-08-21 07:51:41] [INFO] XGBoost模型加载成功
[2026-08-21 07:51:41] [INFO] 模型推理完成：risk=低危, score=0.9589
[2026-08-21 07:51:41] [INFO] 心拍切分完成，共36个
[2026-08-21 07:51:42] [INFO] CNN推理完成，异常心拍数：0
[2026-08-21 07:51:44] [INFO] XGBoost模型加载成功
[2026-08-21 07:51:44] [INFO] SHAP解释计算完成
[2026-08-21 07:51:44] [INFO] 双通路联合报告生成成功
[2026-08-21 07:51:56] [INFO] 成功读取CSV：uploads/100_30s.csv，采样率360.00Hz，点数10800
[2026-08-21 07:51:56] [INFO] R峰检测完成，共37个
[2026-08-21 07:51:56] [INFO] HRV特征计算完成：{'HR': 74.01, 'RR_mean': 810.65, 'RR_std': 47.28, 'SDNN': 47.28, 'RMSSD': 74.87}
[2026-08-21 07:51:56] [INFO] 波形时间特征计算完成：{'PR': 166.75, 'QRS': 50.48, 'QT': 27.78, 'QTc': 31.22}
[2026-08-21 07:51:56] [INFO] 波形振幅特征计算完成：{'ST_shift': -0.074, 'P_amp': 0.098, 'T_amp': 0.03}
[2026-08-21 07:51:56] [INFO] 12项特征提取完成：{'HR': 74.01, 'RR_mean': 810.65, 'RR_std': 47.28, 'SDNN': 47.28, 'RMSSD': 74.87, 'PR': 166.75, 'QRS': 50.48, 'QT': 27.78, 'QTc': 31.22, 'ST_shift': -0.074, 'P_amp': 0.098, 'T_amp': 0.03}
[2026-08-21 07:51:56] [INFO] XGBoost模型加载成功
[2026-08-21 07:51:56] [INFO] 模型推理完成：risk=低危, score=0.9589
[2026-08-21 07:51:56] [INFO] 心拍切分完成，共36个
[2026-08-21 07:51:57] [INFO] CNN推理完成，异常心拍数：0
[2026-08-21 07:51:57] [INFO] XGBoost模型加载成功
[2026-08-21 07:51:57] [INFO] SHAP解释计算完成
[2026-08-21 07:51:57] [INFO] 双通路联合报告生成成功
[2026-08-21 08:09:46] [INFO] 配置读取成功
[2026-08-21 08:22:38] [INFO] 配置读取成功
[2026-08-21 08:23:07] [INFO] 配置读取成功
[2026-08-21 08:23:07] [INFO] 成功读取CSV：uploads/100_30s.csv，采样率360.00Hz，点数10800
[2026-08-21 08:23:08] [INFO] R峰检测完成，共37个
[2026-08-21 08:23:08] [INFO] HRV特征计算完成：{'HR': 74.01, 'RR_mean': 810.65, 'RR_std': 47.28, 'SDNN': 47.28, 'RMSSD': 74.87}
[2026-08-21 08:23:08] [INFO] 波形时间特征计算完成：{'PR': 166.75, 'QRS': 50.48, 'QT': 27.78, 'QTc': 31.22}
[2026-08-21 08:23:08] [INFO] 波形振幅特征计算完成：{'ST_shift': -0.074, 'P_amp': 0.098, 'T_amp': 0.03}
[2026-08-21 08:23:08] [INFO] 12项特征提取完成：{'HR': 74.01, 'RR_mean': 810.65, 'RR_std': 47.28, 'SDNN': 47.28, 'RMSSD': 74.87, 'PR': 166.75, 'QRS': 50.48, 'QT': 27.78, 'QTc': 31.22, 'ST_shift': -0.074, 'P_amp': 0.098, 'T_amp': 0.03}
[2026-08-21 08:23:08] [INFO] XGBoost模型加载成功
[2026-08-21 08:23:08] [INFO] 模型推理完成：risk=低危, score=0.9589
[2026-08-21 08:23:08] [INFO] 心拍切分完成，共36个
[2026-08-21 08:23:14] [INFO] CNN推理完成，异常心拍数：0
[2026-08-21 08:23:23] [INFO] XGBoost模型加载成功
[2026-08-21 08:23:23] [INFO] SHAP解释计算完成
[2026-08-21 08:23:24] [INFO] 双通路联合报告生成成功
[2026-08-21 08:23:41] [INFO] 成功读取CSV：uploads/100_30s.csv，采样率360.00Hz，点数10800
[2026-08-21 08:23:41] [INFO] R峰检测完成，共37个
[2026-08-21 08:23:41] [INFO] HRV特征计算完成：{'HR': 74.01, 'RR_mean': 810.65, 'RR_std': 47.28, 'SDNN': 47.28, 'RMSSD': 74.87}
[2026-08-21 08:23:41] [INFO] 波形时间特征计算完成：{'PR': 166.75, 'QRS': 50.48, 'QT': 27.78, 'QTc': 31.22}
[2026-08-21 08:23:41] [INFO] 波形振幅特征计算完成：{'ST_shift': -0.074, 'P_amp': 0.098, 'T_amp': 0.03}
[2026-08-21 08:23:41] [INFO] 12项特征提取完成：{'HR': 74.01, 'RR_mean': 810.65, 'RR_std': 47.28, 'SDNN': 47.28, 'RMSSD': 74.87, 'PR': 166.75, 'QRS': 50.48, 'QT': 27.78, 'QTc': 31.22, 'ST_shift': -0.074, 'P_amp': 0.098, 'T_amp': 0.03}
[2026-08-21 08:23:41] [INFO] XGBoost模型加载成功
[2026-08-21 08:23:41] [INFO] 模型推理完成：risk=低危, score=0.9589
[2026-08-21 08:23:41] [INFO] 心拍切分完成，共36个
[2026-08-21 08:23:42] [INFO] CNN推理完成，异常心拍数：0
[2026-08-21 08:23:42] [INFO] XGBoost模型加载成功
[2026-08-21 08:23:42] [INFO] SHAP解释计算完成
[2026-08-21 08:23:42] [INFO] 双通路联合报告生成成功
[2026-08-21 08:24:06] [INFO] 成功读取CSV：uploads/100_30s.csv，采样率360.00Hz，点数10800
[2026-08-21 08:24:06] [INFO] R峰检测完成，共37个
[2026-08-21 08:24:06] [INFO] HRV特征计算完成：{'HR': 74.01, 'RR_mean': 810.65, 'RR_std': 47.28, 'SDNN': 47.28, 'RMSSD': 74.87}
[2026-08-21 08:24:06] [INFO] 波形时间特征计算完成：{'PR': 166.75, 'QRS': 50.48, 'QT': 27.78, 'QTc': 31.22}
[2026-08-21 08:24:06] [INFO] 波形振幅特征计算完成：{'ST_shift': -0.074, 'P_amp': 0.098, 'T_amp': 0.03}
[2026-08-21 08:24:06] [INFO] 12项特征提取完成：{'HR': 74.01, 'RR_mean': 810.65, 'RR_std': 47.28, 'SDNN': 47.28, 'RMSSD': 74.87, 'PR': 166.75, 'QRS': 50.48, 'QT': 27.78, 'QTc': 31.22, 'ST_shift': -0.074, 'P_amp': 0.098, 'T_amp': 0.03}
[2026-08-21 08:24:06] [INFO] XGBoost模型加载成功
[2026-08-21 08:24:06] [INFO] 模型推理完成：risk=低危, score=0.9589
[2026-08-21 08:24:06] [INFO] 心拍切分完成，共36个
[2026-08-21 08:24:07] [INFO] CNN推理完成，异常心拍数：0
[2026-08-21 08:24:07] [INFO] XGBoost模型加载成功
[2026-08-21 08:24:07] [INFO] SHAP解释计算完成
[2026-08-21 08:24:08] [INFO] 双通路联合报告生成成功
[2026-08-21 08:33:13] [INFO] 成功读取CSV：uploads/100_30s.csv，采样率360.00Hz，点数10800
[2026-08-21 08:33:13] [INFO] R峰检测完成，共37个
[2026-08-21 08:33:13] [INFO] HRV特征计算完成：{'HR': 74.01, 'RR_mean': 810.65, 'RR_std': 47.28, 'SDNN': 47.28, 'RMSSD': 74.87}
[2026-08-21 08:33:13] [INFO] 波形时间特征计算完成：{'PR': 166.75, 'QRS': 50.48, 'QT': 27.78, 'QTc': 31.22}
[2026-08-21 08:33:13] [INFO] 波形振幅特征计算完成：{'ST_shift': -0.074, 'P_amp': 0.098, 'T_amp': 0.03}
[2026-08-21 08:33:13] [INFO] 12项特征提取完成：{'HR': 74.01, 'RR_mean': 810.65, 'RR_std': 47.28, 'SDNN': 47.28, 'RMSSD': 74.87, 'PR': 166.75, 'QRS': 50.48, 'QT': 27.78, 'QTc': 31.22, 'ST_shift': -0.074, 'P_amp': 0.098, 'T_amp': 0.03}
[2026-08-21 08:33:13] [INFO] XGBoost模型加载成功
[2026-08-21 08:33:13] [INFO] 模型推理完成：risk=低危, score=0.9589
[2026-08-21 08:33:13] [INFO] 心拍切分完成，共36个
[2026-08-21 08:33:14] [INFO] CNN推理完成，异常心拍数：0
[2026-08-21 08:33:15] [INFO] XGBoost模型加载成功
[2026-08-21 08:33:15] [INFO] SHAP解释计算完成
[2026-08-21 08:33:16] [INFO] 双通路联合报告生成成功
[2026-08-21 08:33:24] [INFO] 配置读取成功
[2026-08-21 08:36:00] [INFO] 成功读取CSV：uploads/100_30s.csv，采样率360.00Hz，点数10800
[2026-08-21 08:36:00] [INFO] R峰检测完成，共37个
[2026-08-21 08:36:00] [INFO] HRV特征计算完成：{'HR': 74.01, 'RR_mean': 810.65, 'RR_std': 47.28, 'SDNN': 47.28, 'RMSSD': 74.87}
[2026-08-21 08:36:00] [INFO] 波形时间特征计算完成：{'PR': 166.75, 'QRS': 50.48, 'QT': 27.78, 'QTc': 31.22}
[2026-08-21 08:36:00] [INFO] 波形振幅特征计算完成：{'ST_shift': -0.074, 'P_amp': 0.098, 'T_amp': 0.03}
[2026-08-21 08:36:00] [INFO] 12项特征提取完成：{'HR': 74.01, 'RR_mean': 810.65, 'RR_std': 47.28, 'SDNN': 47.28, 'RMSSD': 74.87, 'PR': 166.75, 'QRS': 50.48, 'QT': 27.78, 'QTc': 31.22, 'ST_shift': -0.074, 'P_amp': 0.098, 'T_amp': 0.03}
[2026-08-21 08:36:01] [INFO] XGBoost模型加载成功
[2026-08-21 08:36:01] [INFO] 模型推理完成：risk=低危, score=0.9589
[2026-08-21 08:36:01] [INFO] 心拍切分完成，共36个
[2026-08-21 08:36:01] [INFO] CNN推理完成，异常心拍数：0
[2026-08-21 08:36:03] [INFO] XGBoost模型加载成功
[2026-08-21 08:36:03] [INFO] SHAP解释计算完成
[2026-08-21 08:36:03] [INFO] 双通路联合报告生成成功
[2026-08-21 09:20:42] [INFO] 配置读取成功
[2026-08-21 09:22:17] [INFO] 成功读取CSV：uploads/100_30s.csv，采样率360.00Hz，点数10800
[2026-08-21 09:22:17] [INFO] R峰检测完成，共37个
[2026-08-21 09:22:17] [INFO] HRV特征计算完成：{'HR': 74.01, 'RR_mean': 810.65, 'RR_std': 47.28, 'SDNN': 47.28, 'RMSSD': 74.87}
[2026-08-21 09:22:17] [INFO] 波形时间特征计算完成：{'PR': 166.75, 'QRS': 50.48, 'QT': 27.78, 'QTc': 31.22}
[2026-08-21 09:22:17] [INFO] 波形振幅特征计算完成：{'ST_shift': -0.074, 'P_amp': 0.098, 'T_amp': 0.03}
[2026-08-21 09:22:17] [INFO] 12项特征提取完成：{'HR': 74.01, 'RR_mean': 810.65, 'RR_std': 47.28, 'SDNN': 47.28, 'RMSSD': 74.87, 'PR': 166.75, 'QRS': 50.48, 'QT': 27.78, 'QTc': 31.22, 'ST_shift': -0.074, 'P_amp': 0.098, 'T_amp': 0.03}
[2026-08-21 09:22:18] [INFO] XGBoost模型加载成功
[2026-08-21 09:22:18] [INFO] 模型推理完成：risk=低危, score=0.9589
[2026-08-21 09:22:18] [INFO] 心拍切分完成，共36个
[2026-08-21 09:22:25] [INFO] CNN推理完成，异常心拍数：0
[2026-08-21 09:22:35] [INFO] XGBoost模型加载成功
[2026-08-21 09:22:35] [INFO] SHAP解释计算完成
[2026-08-21 09:22:36] [INFO] 双通路联合报告生成成功
[2026-08-21 09:29:43] [INFO] 配置读取成功
[2026-08-21 09:30:09] [INFO] 配置读取成功
[2026-08-21 09:37:50] [INFO] 成功读取CSV：uploads/100_30s.csv，采样率360.00Hz，点数10800
[2026-08-21 09:37:50] [INFO] R峰检测完成，共37个
[2026-08-21 09:37:50] [INFO] HRV特征计算完成：{'HR': 74.01, 'RR_mean': 810.65, 'RR_std': 47.28, 'SDNN': 47.28, 'RMSSD': 74.87}
[2026-08-21 09:37:50] [INFO] 波形时间特征计算完成：{'PR': 166.75, 'QRS': 50.48, 'QT': 27.78, 'QTc': 31.22}
[2026-08-21 09:37:50] [INFO] 波形振幅特征计算完成：{'ST_shift': -0.074, 'P_amp': 0.098, 'T_amp': 0.03}
[2026-08-21 09:37:50] [INFO] 12项特征提取完成：{'HR': 74.01, 'RR_mean': 810.65, 'RR_std': 47.28, 'SDNN': 47.28, 'RMSSD': 74.87, 'PR': 166.75, 'QRS': 50.48, 'QT': 27.78, 'QTc': 31.22, 'ST_shift': -0.074, 'P_amp': 0.098, 'T_amp': 0.03}
[2026-08-21 09:37:50] [INFO] XGBoost模型加载成功
[2026-08-21 09:37:50] [INFO] 模型推理完成：risk=低危, score=0.9589
[2026-08-21 09:37:50] [INFO] 心拍切分完成，共36个
[2026-08-21 09:37:51] [INFO] CNN推理完成，异常心拍数：0
[2026-08-21 09:37:51] [INFO] XGBoost模型加载成功
[2026-08-21 09:37:51] [INFO] SHAP解释计算完成
[2026-08-21 09:37:52] [INFO] 双通路联合报告生成成功
[2026-08-21 09:38:27] [INFO] 成功读取CSV：uploads/100_30s.csv，采样率360.00Hz，点数10800
[2026-08-21 09:38:27] [INFO] R峰检测完成，共37个
[2026-08-21 09:38:27] [INFO] HRV特征计算完成：{'HR': 74.01, 'RR_mean': 810.65, 'RR_std': 47.28, 'SDNN': 47.28, 'RMSSD': 74.87}
[2026-08-21 09:38:27] [INFO] 波形时间特征计算完成：{'PR': 166.75, 'QRS': 50.48, 'QT': 27.78, 'QTc': 31.22}
[2026-08-21 09:38:27] [INFO] 波形振幅特征计算完成：{'ST_shift': -0.074, 'P_amp': 0.098, 'T_amp': 0.03}
[2026-08-21 09:38:27] [INFO] 12项特征提取完成：{'HR': 74.01, 'RR_mean': 810.65, 'RR_std': 47.28, 'SDNN': 47.28, 'RMSSD': 74.87, 'PR': 166.75, 'QRS': 50.48, 'QT': 27.78, 'QTc': 31.22, 'ST_shift': -0.074, 'P_amp': 0.098, 'T_amp': 0.03}
[2026-08-21 09:38:27] [INFO] XGBoost模型加载成功
[2026-08-21 09:38:27] [INFO] 模型推理完成：risk=低危, score=0.9589
[2026-08-21 09:38:27] [INFO] 心拍切分完成，共36个
[2026-08-21 09:38:28] [INFO] CNN推理完成，异常心拍数：0
[2026-08-21 09:38:28] [INFO] XGBoost模型加载成功
[2026-08-21 09:38:28] [INFO] SHAP解释计算完成
[2026-08-21 09:38:28] [INFO] 双通路联合报告生成成功
[2026-08-21 09:38:47] [INFO] 配置读取成功
[2026-08-21 09:39:04] [INFO] 配置读取成功
[2026-08-21 09:39:05] [INFO] 配置读取成功
[2026-08-21 09:42:23] [INFO] 成功读取CSV：uploads/100_30s.csv，采样率360.00Hz，点数10800
[2026-08-21 09:42:23] [INFO] R峰检测完成，共37个
[2026-08-21 09:42:23] [INFO] HRV特征计算完成：{'HR': 74.01, 'RR_mean': 810.65, 'RR_std': 47.28, 'SDNN': 47.28, 'RMSSD': 74.87}
[2026-08-21 09:42:23] [INFO] 波形时间特征计算完成：{'PR': 166.75, 'QRS': 50.48, 'QT': 27.78, 'QTc': 31.22}
[2026-08-21 09:42:23] [INFO] 波形振幅特征计算完成：{'ST_shift': -0.074, 'P_amp': 0.098, 'T_amp': 0.03}
[2026-08-21 09:42:23] [INFO] 12项特征提取完成：{'HR': 74.01, 'RR_mean': 810.65, 'RR_std': 47.28, 'SDNN': 47.28, 'RMSSD': 74.87, 'PR': 166.75, 'QRS': 50.48, 'QT': 27.78, 'QTc': 31.22, 'ST_shift': -0.074, 'P_amp': 0.098, 'T_amp': 0.03}
[2026-08-21 09:42:23] [INFO] XGBoost模型加载成功
[2026-08-21 09:42:23] [INFO] 模型推理完成：risk=低危, score=0.9589
[2026-08-21 09:42:23] [INFO] 心拍切分完成，共36个
[2026-08-21 09:42:23] [INFO] CNN推理完成，异常心拍数：0
[2026-08-21 09:42:23] [INFO] XGBoost模型加载成功
[2026-08-21 09:42:24] [INFO] SHAP解释计算完成
[2026-08-21 09:42:24] [INFO] 双通路联合报告生成成功
[2026-08-21 09:46:22] [INFO] 成功读取CSV：uploads/108_30s.csv，采样率360.00Hz，点数10800
[2026-08-21 09:46:22] [INFO] R峰检测完成，共3个
[2026-08-21 09:46:22] [INFO] HRV特征计算完成：{'HR': 7.03, 'RR_mean': 8533.33, 'RR_std': 7991.67, 'SDNN': 7991.67, 'RMSSD': 15983.33}
[2026-08-21 09:46:22] [INFO] 波形时间特征计算完成：{'PR': 119.44, 'QRS': 66.67, 'QT': 83.33, 'QTc': 20.5}
[2026-08-21 09:46:22] [INFO] 波形振幅特征计算完成：{'ST_shift': -0.047, 'P_amp': 0.262, 'T_amp': 0.325}
[2026-08-21 09:46:22] [INFO] 12项特征提取完成：{'HR': 7.03, 'RR_mean': 8533.33, 'RR_std': 7991.67, 'SDNN': 7991.67, 'RMSSD': 15983.33, 'PR': 119.44, 'QRS': 66.67, 'QT': 83.33, 'QTc': 20.5, 'ST_shift': -0.047, 'P_amp': 0.262, 'T_amp': 0.325}
[2026-08-21 09:46:22] [INFO] XGBoost模型加载成功
[2026-08-21 09:46:22] [INFO] 模型推理完成：risk=中危, score=0.9768
[2026-08-21 09:46:22] [INFO] 心拍切分完成，共3个
[2026-08-21 09:46:23] [INFO] CNN推理完成，异常心拍数：0
[2026-08-21 09:46:23] [INFO] XGBoost模型加载成功
[2026-08-21 09:46:24] [INFO] SHAP解释计算完成
[2026-08-21 09:46:24] [INFO] 双通路联合报告生成成功
[2026-08-21 09:49:23] [ERROR] 读取文件失败：uploads/100.dat，错误：[Errno 2] No such file or directory: 'D:/桌面/ECG-Auxiliary-Screening/uploads/100.hea'
[2026-08-21 09:49:48] [INFO] 成功读取CSV：uploads/100_30s.csv，采样率360.00Hz，点数10800
[2026-08-21 09:49:49] [INFO] R峰检测完成，共37个
[2026-08-21 09:49:49] [INFO] HRV特征计算完成：{'HR': 74.01, 'RR_mean': 810.65, 'RR_std': 47.28, 'SDNN': 47.28, 'RMSSD': 74.87}
[2026-08-21 09:49:49] [INFO] 波形时间特征计算完成：{'PR': 166.75, 'QRS': 50.48, 'QT': 27.78, 'QTc': 31.22}
[2026-08-21 09:49:49] [INFO] 波形振幅特征计算完成：{'ST_shift': -0.074, 'P_amp': 0.098, 'T_amp': 0.03}
[2026-08-21 09:49:49] [INFO] 12项特征提取完成：{'HR': 74.01, 'RR_mean': 810.65, 'RR_std': 47.28, 'SDNN': 47.28, 'RMSSD': 74.87, 'PR': 166.75, 'QRS': 50.48, 'QT': 27.78, 'QTc': 31.22, 'ST_shift': -0.074, 'P_amp': 0.098, 'T_amp': 0.03}
[2026-08-21 09:49:49] [INFO] XGBoost模型加载成功
[2026-08-21 09:49:49] [INFO] 模型推理完成：risk=低危, score=0.9589
[2026-08-21 09:49:49] [INFO] 心拍切分完成，共36个
[2026-08-21 09:49:50] [INFO] CNN推理完成，异常心拍数：0
[2026-08-21 09:49:50] [INFO] XGBoost模型加载成功
[2026-08-21 09:49:50] [INFO] SHAP解释计算完成
[2026-08-21 09:49:50] [INFO] 双通路联合报告生成成功
[2026-08-21 10:04:24] [INFO] 成功读取CSV：uploads/100_30s.csv，采样率360.00Hz，点数10800
[2026-08-21 10:04:24] [INFO] R峰检测完成，共37个
[2026-08-21 10:04:24] [INFO] HRV特征计算完成：{'HR': 74.01, 'RR_mean': 810.65, 'RR_std': 47.28, 'SDNN': 47.28, 'RMSSD': 74.87}
[2026-08-21 10:04:24] [INFO] 波形时间特征计算完成：{'PR': 166.75, 'QRS': 50.48, 'QT': 27.78, 'QTc': 31.22}
[2026-08-21 10:04:24] [INFO] 波形振幅特征计算完成：{'ST_shift': -0.074, 'P_amp': 0.098, 'T_amp': 0.03}
[2026-08-21 10:04:24] [INFO] 12项特征提取完成：{'HR': 74.01, 'RR_mean': 810.65, 'RR_std': 47.28, 'SDNN': 47.28, 'RMSSD': 74.87, 'PR': 166.75, 'QRS': 50.48, 'QT': 27.78, 'QTc': 31.22, 'ST_shift': -0.074, 'P_amp': 0.098, 'T_amp': 0.03}
[2026-08-21 10:04:24] [INFO] XGBoost模型加载成功
[2026-08-21 10:04:24] [INFO] 模型推理完成：risk=低危, score=0.9589
[2026-08-21 10:04:24] [INFO] 心拍切分完成，共36个
[2026-08-21 10:04:25] [INFO] CNN推理完成，异常心拍数：0
[2026-08-21 10:04:25] [INFO] XGBoost模型加载成功
[2026-08-21 10:04:25] [INFO] SHAP解释计算完成
[2026-08-21 10:04:25] [INFO] 双通路联合报告生成成功
[2026-08-21 10:05:54] [INFO] 成功读取CSV：uploads/100_30s.csv，采样率360.00Hz，点数10800
[2026-08-21 10:05:54] [INFO] R峰检测完成，共37个
[2026-08-21 10:05:54] [INFO] HRV特征计算完成：{'HR': 74.01, 'RR_mean': 810.65, 'RR_std': 47.28, 'SDNN': 47.28, 'RMSSD': 74.87}
[2026-08-21 10:05:54] [INFO] 波形时间特征计算完成：{'PR': 166.75, 'QRS': 50.48, 'QT': 27.78, 'QTc': 31.22}
[2026-08-21 10:05:54] [INFO] 波形振幅特征计算完成：{'ST_shift': -0.074, 'P_amp': 0.098, 'T_amp': 0.03}
[2026-08-21 10:05:54] [INFO] 12项特征提取完成：{'HR': 74.01, 'RR_mean': 810.65, 'RR_std': 47.28, 'SDNN': 47.28, 'RMSSD': 74.87, 'PR': 166.75, 'QRS': 50.48, 'QT': 27.78, 'QTc': 31.22, 'ST_shift': -0.074, 'P_amp': 0.098, 'T_amp': 0.03}
[2026-08-21 10:05:54] [INFO] XGBoost模型加载成功
[2026-08-21 10:05:54] [INFO] 模型推理完成：risk=低危, score=0.9589
[2026-08-21 10:05:54] [INFO] 心拍切分完成，共36个
[2026-08-21 10:05:55] [INFO] CNN推理完成，异常心拍数：0
[2026-08-21 10:05:55] [INFO] XGBoost模型加载成功
[2026-08-21 10:05:55] [INFO] SHAP解释计算完成
[2026-08-21 10:05:56] [INFO] 双通路联合报告生成成功
[2026-08-21 10:06:01] [INFO] 成功读取CSV：uploads/100_30s.csv，采样率360.00Hz，点数10800
[2026-08-21 10:06:01] [INFO] R峰检测完成，共37个
[2026-08-21 10:06:01] [INFO] HRV特征计算完成：{'HR': 74.01, 'RR_mean': 810.65, 'RR_std': 47.28, 'SDNN': 47.28, 'RMSSD': 74.87}
[2026-08-21 10:06:01] [INFO] 波形时间特征计算完成：{'PR': 166.75, 'QRS': 50.48, 'QT': 27.78, 'QTc': 31.22}
[2026-08-21 10:06:01] [INFO] 波形振幅特征计算完成：{'ST_shift': -0.074, 'P_amp': 0.098, 'T_amp': 0.03}
[2026-08-21 10:06:01] [INFO] 12项特征提取完成：{'HR': 74.01, 'RR_mean': 810.65, 'RR_std': 47.28, 'SDNN': 47.28, 'RMSSD': 74.87, 'PR': 166.75, 'QRS': 50.48, 'QT': 27.78, 'QTc': 31.22, 'ST_shift': -0.074, 'P_amp': 0.098, 'T_amp': 0.03}
[2026-08-21 10:06:01] [INFO] XGBoost模型加载成功
[2026-08-21 10:06:01] [INFO] 模型推理完成：risk=低危, score=0.9589
[2026-08-21 10:06:01] [INFO] 心拍切分完成，共36个
[2026-08-21 10:06:02] [INFO] CNN推理完成，异常心拍数：0
[2026-08-21 10:06:02] [INFO] XGBoost模型加载成功
[2026-08-21 10:06:02] [INFO] SHAP解释计算完成
[2026-08-21 10:06:02] [INFO] 双通路联合报告生成成功
[2026-08-21 10:07:35] [INFO] 成功读取CSV：uploads/108_30s.csv，采样率360.00Hz，点数10800
[2026-08-21 10:07:35] [INFO] R峰检测完成，共3个
[2026-08-21 10:07:35] [INFO] HRV特征计算完成：{'HR': 7.03, 'RR_mean': 8533.33, 'RR_std': 7991.67, 'SDNN': 7991.67, 'RMSSD': 15983.33}
[2026-08-21 10:07:35] [INFO] 波形时间特征计算完成：{'PR': 119.44, 'QRS': 66.67, 'QT': 83.33, 'QTc': 20.5}
[2026-08-21 10:07:35] [INFO] 波形振幅特征计算完成：{'ST_shift': -0.047, 'P_amp': 0.262, 'T_amp': 0.325}
[2026-08-21 10:07:35] [INFO] 12项特征提取完成：{'HR': 7.03, 'RR_mean': 8533.33, 'RR_std': 7991.67, 'SDNN': 7991.67, 'RMSSD': 15983.33, 'PR': 119.44, 'QRS': 66.67, 'QT': 83.33, 'QTc': 20.5, 'ST_shift': -0.047, 'P_amp': 0.262, 'T_amp': 0.325}
[2026-08-21 10:07:35] [INFO] XGBoost模型加载成功
[2026-08-21 10:07:35] [INFO] 模型推理完成：risk=中危, score=0.9768
[2026-08-21 10:07:35] [INFO] 心拍切分完成，共3个
[2026-08-21 10:07:35] [INFO] CNN推理完成，异常心拍数：0
[2026-08-21 10:07:35] [INFO] XGBoost模型加载成功
[2026-08-21 10:07:36] [INFO] SHAP解释计算完成
[2026-08-21 10:07:36] [INFO] 双通路联合报告生成成功
[2026-08-21 10:07:57] [INFO] 成功读取CSV：uploads/100_30s.csv，采样率360.00Hz，点数10800
[2026-08-21 10:07:58] [INFO] R峰检测完成，共37个
[2026-08-21 10:07:58] [INFO] HRV特征计算完成：{'HR': 74.01, 'RR_mean': 810.65, 'RR_std': 47.28, 'SDNN': 47.28, 'RMSSD': 74.87}
[2026-08-21 10:07:58] [INFO] 波形时间特征计算完成：{'PR': 166.75, 'QRS': 50.48, 'QT': 27.78, 'QTc': 31.22}
[2026-08-21 10:07:58] [INFO] 波形振幅特征计算完成：{'ST_shift': -0.074, 'P_amp': 0.098, 'T_amp': 0.03}
[2026-08-21 10:07:58] [INFO] 12项特征提取完成：{'HR': 74.01, 'RR_mean': 810.65, 'RR_std': 47.28, 'SDNN': 47.28, 'RMSSD': 74.87, 'PR': 166.75, 'QRS': 50.48, 'QT': 27.78, 'QTc': 31.22, 'ST_shift': -0.074, 'P_amp': 0.098, 'T_amp': 0.03}
[2026-08-21 10:07:58] [INFO] XGBoost模型加载成功
[2026-08-21 10:07:58] [INFO] 模型推理完成：risk=低危, score=0.9589
[2026-08-21 10:07:58] [INFO] 心拍切分完成，共36个
[2026-08-21 10:07:58] [INFO] CNN推理完成，异常心拍数：0
[2026-08-21 10:07:58] [INFO] XGBoost模型加载成功
[2026-08-21 10:07:58] [INFO] SHAP解释计算完成
[2026-08-21 10:07:59] [INFO] 双通路联合报告生成成功
[2026-08-21 10:10:08] [INFO] 成功读取CSV：uploads/100_30s.csv，采样率360.00Hz，点数10800
[2026-08-21 10:10:09] [INFO] R峰检测完成，共37个
[2026-08-21 10:10:09] [INFO] HRV特征计算完成：{'HR': 74.01, 'RR_mean': 810.65, 'RR_std': 47.28, 'SDNN': 47.28, 'RMSSD': 74.87}
[2026-08-21 10:10:09] [INFO] 波形时间特征计算完成：{'PR': 166.75, 'QRS': 50.48, 'QT': 27.78, 'QTc': 31.22}
[2026-08-21 10:10:09] [INFO] 波形振幅特征计算完成：{'ST_shift': -0.074, 'P_amp': 0.098, 'T_amp': 0.03}
[2026-08-21 10:10:09] [INFO] 12项特征提取完成：{'HR': 74.01, 'RR_mean': 810.65, 'RR_std': 47.28, 'SDNN': 47.28, 'RMSSD': 74.87, 'PR': 166.75, 'QRS': 50.48, 'QT': 27.78, 'QTc': 31.22, 'ST_shift': -0.074, 'P_amp': 0.098, 'T_amp': 0.03}
[2026-08-21 10:10:09] [INFO] XGBoost模型加载成功
[2026-08-21 10:10:09] [INFO] 模型推理完成：risk=低危, score=0.9589
[2026-08-21 10:10:09] [INFO] 心拍切分完成，共36个
[2026-08-21 10:10:09] [INFO] CNN推理完成，异常心拍数：0
[2026-08-21 10:10:09] [INFO] XGBoost模型加载成功
[2026-08-21 10:10:09] [INFO] SHAP解释计算完成
[2026-08-21 10:10:10] [INFO] 双通路联合报告生成成功
[2026-08-21 10:14:13] [INFO] 成功读取CSV：uploads/109_30s.csv，采样率360.00Hz，点数10800
[2026-08-21 10:14:13] [INFO] R峰检测完成，共40个
[2026-08-21 10:14:13] [INFO] HRV特征计算完成：{'HR': 83.82, 'RR_mean': 715.81, 'RR_std': 294.05, 'SDNN': 294.05, 'RMSSD': 431.2}
[2026-08-21 10:14:13] [INFO] 波形时间特征计算完成：{'PR': 66.01, 'QRS': 8.04, 'QT': 294.74, 'QTc': 362.49}
[2026-08-21 10:14:13] [INFO] 波形振幅特征计算完成：{'ST_shift': -0.296, 'P_amp': 0.694, 'T_amp': 0.251}
[2026-08-21 10:14:13] [INFO] 12项特征提取完成：{'HR': 83.82, 'RR_mean': 715.81, 'RR_std': 294.05, 'SDNN': 294.05, 'RMSSD': 431.2, 'PR': 66.01, 'QRS': 8.04, 'QT': 294.74, 'QTc': 362.49, 'ST_shift': -0.296, 'P_amp': 0.694, 'T_amp': 0.251}
[2026-08-21 10:14:13] [INFO] XGBoost模型加载成功
[2026-08-21 10:14:13] [INFO] 模型推理完成：risk=中危, score=0.7176
[2026-08-21 10:14:13] [INFO] 心拍切分完成，共39个
[2026-08-21 10:14:14] [INFO] CNN推理完成，异常心拍数：1
[2026-08-21 10:14:14] [INFO] XGBoost模型加载成功
[2026-08-21 10:14:15] [INFO] SHAP解释计算完成
[2026-08-21 10:14:15] [INFO] 双通路联合报告生成成功
[2026-08-21 10:14:39] [INFO] 配置读取成功
[2026-08-21 10:35:37] [INFO] 配置读取成功
[2026-08-21 10:35:47] [INFO] 成功读取CSV：uploads/100_30s.csv，采样率360.00Hz，点数10800
[2026-08-21 10:35:47] [INFO] R峰检测完成，共37个
[2026-08-21 10:35:47] [INFO] HRV特征计算完成：{'HR': 74.01, 'RR_mean': 810.65, 'RR_std': 47.28, 'SDNN': 47.28, 'RMSSD': 74.87}
[2026-08-21 10:35:47] [INFO] 波形时间特征计算完成：{'PR': 166.75, 'QRS': 50.48, 'QT': 27.78, 'QTc': 31.22}
[2026-08-21 10:35:47] [INFO] 波形振幅特征计算完成：{'ST_shift': -0.074, 'P_amp': 0.098, 'T_amp': 0.03}
[2026-08-21 10:35:47] [INFO] 12项特征提取完成：{'HR': 74.01, 'RR_mean': 810.65, 'RR_std': 47.28, 'SDNN': 47.28, 'RMSSD': 74.87, 'PR': 166.75, 'QRS': 50.48, 'QT': 27.78, 'QTc': 31.22, 'ST_shift': -0.074, 'P_amp': 0.098, 'T_amp': 0.03}
[2026-08-21 10:35:47] [INFO] XGBoost模型加载成功
[2026-08-21 10:35:47] [INFO] 模型推理完成：risk=低危, score=0.9589
[2026-08-21 10:35:47] [INFO] 心拍切分完成，共36个
[2026-08-21 10:35:48] [INFO] CNN推理完成，异常心拍数：0
[2026-08-21 10:35:48] [INFO] XGBoost模型加载成功
[2026-08-21 10:35:48] [INFO] SHAP解释计算完成
[2026-08-21 10:35:48] [INFO] 双通路联合报告生成成功
[2026-08-21 16:54:45] [INFO] 配置读取成功
[2026-08-21 16:55:51] [INFO] 配置读取成功
[2026-08-21 16:55:52] [INFO] 成功读取CSV：uploads/100_30s.csv，采样率360.00Hz，点数10800
[2026-08-21 16:55:52] [INFO] R峰检测完成，共37个
[2026-08-21 16:55:52] [INFO] HRV特征计算完成：{'HR': 74.01, 'RR_mean': 810.65, 'RR_std': 47.28, 'SDNN': 47.28, 'RMSSD': 74.87}
[2026-08-21 16:55:52] [INFO] 波形时间特征计算完成：{'PR': 166.75, 'QRS': 50.48, 'QT': 27.78, 'QTc': 31.22}
[2026-08-21 16:55:52] [INFO] 波形振幅特征计算完成：{'ST_shift': -0.074, 'P_amp': 0.098, 'T_amp': 0.03}
[2026-08-21 16:55:52] [INFO] 12项特征提取完成：{'HR': 74.01, 'RR_mean': 810.65, 'RR_std': 47.28, 'SDNN': 47.28, 'RMSSD': 74.87, 'PR': 166.75, 'QRS': 50.48, 'QT': 27.78, 'QTc': 31.22, 'ST_shift': -0.074, 'P_amp': 0.098, 'T_amp': 0.03}
[2026-08-21 16:55:52] [INFO] 心拍切分完成，共36个
[2026-08-21 16:56:00] [INFO] CNN推理完成，异常心拍数：0
[2026-08-21 16:56:00] [INFO] XGBoost模型加载成功
[2026-08-21 16:56:00] [INFO] 模型推理完成：risk=低危, score=0.9589
[2026-08-21 16:56:11] [INFO] XGBoost模型加载成功
[2026-08-21 16:56:11] [INFO] SHAP解释计算完成
[2026-08-21 16:56:11] [INFO] 双通路联合报告生成成功
[2026-08-21 16:57:27] [INFO] 配置读取成功
[2026-08-21 16:57:50] [INFO] 配置读取成功
[2026-08-21 16:58:03] [INFO] 配置读取成功
[2026-08-21 16:58:05] [INFO] 配置读取成功
[2026-08-21 16:58:30] [INFO] 配置读取成功
[2026-08-21 16:58:50] [INFO] 配置读取成功
[2026-08-21 16:58:52] [INFO] 配置读取成功
[2026-08-21 16:58:52] [INFO] 成功读取CSV：uploads\100_30s.csv，采样率360.00Hz，点数10800
[2026-08-21 16:58:52] [INFO] R峰检测完成，共37个
[2026-08-21 16:58:52] [INFO] HRV特征计算完成：{'HR': 74.01, 'RR_mean': 810.65, 'RR_std': 47.28, 'SDNN': 47.28, 'RMSSD': 74.87}
[2026-08-21 16:58:52] [INFO] 波形时间特征计算完成：{'PR': 166.75, 'QRS': 50.48, 'QT': 27.78, 'QTc': 31.22}
[2026-08-21 16:58:52] [INFO] 波形振幅特征计算完成：{'ST_shift': -0.074, 'P_amp': 0.098, 'T_amp': 0.03}
[2026-08-21 16:58:52] [INFO] 12项特征提取完成：{'HR': 74.01, 'RR_mean': 810.65, 'RR_std': 47.28, 'SDNN': 47.28, 'RMSSD': 74.87, 'PR': 166.75, 'QRS': 50.48, 'QT': 27.78, 'QTc': 31.22, 'ST_shift': -0.074, 'P_amp': 0.098, 'T_amp': 0.03}
[2026-08-21 16:58:52] [INFO] 心拍切分完成，共36个
[2026-08-21 16:58:54] [INFO] CNN推理完成，异常心拍数：0
[2026-08-21 16:58:54] [INFO] XGBoost模型加载成功
[2026-08-21 16:58:54] [INFO] 模型推理完成：risk=低危, score=0.9589
[2026-08-21 16:58:55] [INFO] XGBoost模型加载成功
[2026-08-21 16:58:55] [INFO] SHAP解释计算完成
[2026-08-21 16:58:55] [INFO] 双通路联合报告生成成功
[2026-08-21 16:58:55] [INFO] 配置读取成功
[2026-08-21 17:05:49] [INFO] 配置读取成功
[2026-08-21 17:06:04] [INFO] 配置读取成功
[2026-08-21 17:06:10] [INFO] 配置读取成功
[2026-08-21 17:06:12] [INFO] 配置读取成功
[2026-08-21 17:06:17] [INFO] 配置读取成功
[2026-08-21 17:20:23] [INFO] 配置读取成功
[2026-08-21 17:22:08] [INFO] 成功读取MIT-BIH记录：D:\桌面\ECG-Auxiliary-Screening\data\mitbih\mit-bih-arrhythmia-database-1.0.0\100，采样率360Hz
[2026-08-21 19:47:20] [INFO] 配置读取成功
[2026-08-21 19:49:19] [INFO] 配置读取成功
[2026-08-21 19:52:07] [INFO] 配置读取成功
[2026-08-21 19:52:08] [INFO] 配置读取成功
[2026-08-21 19:56:05] [INFO] 配置读取成功
[2026-08-21 19:56:33] [INFO] 配置读取成功
[2026-08-21 19:56:37] [INFO] 配置读取成功
[2026-08-21 19:56:37] [INFO] 成功读取CSV：D:\桌面\ECG-Auxiliary-Screening\uploads\100_30s.csv，采样率360.00Hz，点数10800
[2026-08-21 19:56:38] [INFO] R峰检测完成，共37个
[2026-08-21 19:56:38] [INFO] HRV特征计算完成：{'HR': 74.01, 'RR_mean': 810.65, 'RR_std': 47.28, 'SDNN': 47.28, 'RMSSD': 74.87}
[2026-08-21 19:56:38] [INFO] 波形时间特征计算完成：{'PR': 166.75, 'QRS': 50.48, 'QT': 27.78, 'QTc': 31.22}
[2026-08-21 19:56:38] [INFO] 波形振幅特征计算完成：{'ST_shift': -0.074, 'P_amp': 0.098, 'T_amp': 0.03}
[2026-08-21 19:56:38] [INFO] 12项特征提取完成：{'HR': 74.01, 'RR_mean': 810.65, 'RR_std': 47.28, 'SDNN': 47.28, 'RMSSD': 74.87, 'PR': 166.75, 'QRS': 50.48, 'QT': 27.78, 'QTc': 31.22, 'ST_shift': -0.074, 'P_amp': 0.098, 'T_amp': 0.03}
[2026-08-21 19:56:38] [INFO] 心拍切分完成，共36个
[2026-08-21 19:56:45] [INFO] CNN推理完成，异常心拍数：0
[2026-08-21 19:56:45] [INFO] XGBoost模型加载成功
[2026-08-21 19:56:45] [INFO] 模型推理完成：risk=低危, score=0.9589
[2026-08-21 19:56:57] [INFO] XGBoost模型加载成功
[2026-08-21 19:56:57] [INFO] SHAP解释计算完成
[2026-08-21 19:56:57] [INFO] 双通路联合报告生成成功
[2026-08-21 19:56:58] [INFO] 配置读取成功
[2026-08-21 19:57:57] [INFO] 配置读取成功
[2026-08-21 19:58:27] [INFO] 配置读取成功
[2026-08-21 19:58:29] [INFO] 配置读取成功
[2026-08-21 19:58:29] [INFO] 成功读取CSV：D:\桌面\ECG-Auxiliary-Screening\uploads\100_30s.csv，采样率360.00Hz，点数10800
[2026-08-21 19:58:29] [INFO] R峰检测完成，共37个
[2026-08-21 19:58:30] [INFO] HRV特征计算完成：{'HR': 74.01, 'RR_mean': 810.65, 'RR_std': 47.28, 'SDNN': 47.28, 'RMSSD': 74.87}
[2026-08-21 19:58:30] [INFO] 波形时间特征计算完成：{'PR': 166.75, 'QRS': 50.48, 'QT': 27.78, 'QTc': 31.22}
[2026-08-21 19:58:30] [INFO] 波形振幅特征计算完成：{'ST_shift': -0.074, 'P_amp': 0.098, 'T_amp': 0.03}
[2026-08-21 19:58:30] [INFO] 12项特征提取完成：{'HR': 74.01, 'RR_mean': 810.65, 'RR_std': 47.28, 'SDNN': 47.28, 'RMSSD': 74.87, 'PR': 166.75, 'QRS': 50.48, 'QT': 27.78, 'QTc': 31.22, 'ST_shift': -0.074, 'P_amp': 0.098, 'T_amp': 0.03}
[2026-08-21 19:58:30] [INFO] 心拍切分完成，共36个
[2026-08-21 19:58:31] [INFO] CNN推理完成，异常心拍数：0
[2026-08-21 19:58:31] [INFO] XGBoost模型加载成功
[2026-08-21 19:58:31] [INFO] 模型推理完成：risk=低危, score=0.9589
[2026-08-21 19:58:31] [INFO] XGBoost模型加载成功
[2026-08-21 19:58:31] [INFO] SHAP解释计算完成
[2026-08-21 19:58:31] [INFO] 双通路联合报告生成成功
[2026-08-21 19:58:31] [INFO] 配置读取成功
[2026-08-21 20:00:03] [INFO] 配置读取成功
[2026-08-21 20:00:28] [INFO] 配置读取成功
[2026-08-21 20:00:35] [INFO] 配置读取成功
[2026-08-21 20:01:45] [INFO] 配置读取成功
[2026-08-21 20:02:17] [INFO] 配置读取成功
[2026-08-21 20:02:20] [INFO] 配置读取成功
[2026-08-21 20:02:20] [INFO] 成功读取CSV：D:\桌面\ECG-Auxiliary-Screening\uploads\109_30s.csv，采样率360.00Hz，点数10800
[2026-08-21 20:02:20] [INFO] R峰检测完成，共40个
[2026-08-21 20:02:20] [INFO] HRV特征计算完成：{'HR': 83.82, 'RR_mean': 715.81, 'RR_std': 294.05, 'SDNN': 294.05, 'RMSSD': 431.2}
[2026-08-21 20:02:20] [INFO] 波形时间特征计算完成：{'PR': 66.01, 'QRS': 8.04, 'QT': 294.74, 'QTc': 362.49}
[2026-08-21 20:02:20] [INFO] 波形振幅特征计算完成：{'ST_shift': -0.296, 'P_amp': 0.694, 'T_amp': 0.251}
[2026-08-21 20:02:20] [INFO] 12项特征提取完成：{'HR': 83.82, 'RR_mean': 715.81, 'RR_std': 294.05, 'SDNN': 294.05, 'RMSSD': 431.2, 'PR': 66.01, 'QRS': 8.04, 'QT': 294.74, 'QTc': 362.49, 'ST_shift': -0.296, 'P_amp': 0.694, 'T_amp': 0.251}
[2026-08-21 20:02:20] [INFO] 心拍切分完成，共39个
[2026-08-21 20:02:21] [INFO] CNN推理完成，异常心拍数：1
[2026-08-21 20:02:21] [INFO] XGBoost模型加载成功
[2026-08-21 20:02:21] [INFO] 模型推理完成：risk=中危, score=0.7176
[2026-08-21 20:02:21] [INFO] XGBoost模型加载成功
[2026-08-21 20:02:21] [INFO] SHAP解释计算完成
[2026-08-21 20:02:21] [INFO] 双通路联合报告生成成功
[2026-08-21 20:02:22] [INFO] 配置读取成功
[2026-08-21 20:03:17] [INFO] 配置读取成功
[2026-08-21 20:03:35] [INFO] 配置读取成功
[2026-08-21 20:03:35] [INFO] 配置读取成功
[2026-08-21 20:03:39] [INFO] 配置读取成功
[2026-08-21 20:03:58] [INFO] 配置读取成功
[2026-08-21 20:04:24] [INFO] 配置读取成功
[2026-08-21 20:04:25] [INFO] 配置读取成功
[2026-08-21 20:04:31] [INFO] 配置读取成功
[2026-08-21 20:04:32] [INFO] 配置读取成功
[2026-08-21 20:04:36] [INFO] 配置读取成功
[2026-08-21 20:04:50] [INFO] 配置读取成功
[2026-08-21 20:04:50] [INFO] 配置保存成功
[2026-08-21 20:04:51] [INFO] 配置读取成功
[2026-08-21 20:04:59] [INFO] 配置读取成功
[2026-08-21 20:05:00] [INFO] 配置保存成功
[2026-08-21 20:05:00] [INFO] 配置读取成功
[2026-08-21 20:05:11] [INFO] 配置读取成功
[2026-08-21 20:05:11] [INFO] 配置保存成功
[2026-08-21 20:05:12] [INFO] 配置读取成功
[2026-08-21 20:05:35] [INFO] 配置读取成功
[2026-08-21 20:15:33] [INFO] 配置读取成功
[2026-08-21 20:15:59] [INFO] 配置读取成功
[2026-08-21 20:16:02] [INFO] 配置读取成功
[2026-08-21 20:16:02] [INFO] 成功读取CSV：D:\桌面\ECG-Auxiliary-Screening\uploads\108_30s.csv，采样率360.00Hz，点数10800
[2026-08-21 20:16:02] [INFO] R峰检测完成，共3个
[2026-08-21 20:16:02] [INFO] HRV特征计算完成：{'HR': 7.03, 'RR_mean': 8533.33, 'RR_std': 7991.67, 'SDNN': 7991.67, 'RMSSD': 15983.33}
[2026-08-21 20:16:02] [INFO] 波形时间特征计算完成：{'PR': 119.44, 'QRS': 66.67, 'QT': 83.33, 'QTc': 20.5}
[2026-08-21 20:16:02] [INFO] 波形振幅特征计算完成：{'ST_shift': -0.047, 'P_amp': 0.262, 'T_amp': 0.325}
[2026-08-21 20:16:02] [INFO] 12项特征提取完成：{'HR': 7.03, 'RR_mean': 8533.33, 'RR_std': 7991.67, 'SDNN': 7991.67, 'RMSSD': 15983.33, 'PR': 119.44, 'QRS': 66.67, 'QT': 83.33, 'QTc': 20.5, 'ST_shift': -0.047, 'P_amp': 0.262, 'T_amp': 0.325}
[2026-08-21 20:16:02] [INFO] 心拍切分完成，共3个
[2026-08-21 20:16:03] [INFO] CNN推理完成，异常心拍数：0
[2026-08-21 20:16:03] [INFO] XGBoost模型加载成功
[2026-08-21 20:16:03] [INFO] 模型推理完成：risk=中危, score=0.9768
[2026-08-21 20:16:03] [INFO] XGBoost模型加载成功
[2026-08-21 20:16:03] [INFO] SHAP解释计算完成
[2026-08-21 20:16:03] [INFO] 双通路联合报告生成成功
[2026-08-21 20:16:03] [INFO] 配置读取成功
[2026-08-21 20:17:06] [INFO] 配置读取成功
[2026-08-21 20:17:24] [INFO] 配置读取成功
[2026-08-21 20:17:25] [INFO] 配置读取成功
[2026-08-21 20:17:29] [INFO] 配置读取成功
[2026-08-21 20:17:58] [INFO] 配置读取成功
[2026-08-21 20:17:59] [INFO] 配置读取成功
[2026-08-21 20:18:02] [INFO] 配置读取成功
[2026-08-21 20:18:14] [INFO] 配置读取成功
[2026-08-21 20:18:15] [INFO] 配置保存成功
[2026-08-21 20:18:15] [INFO] 配置读取成功
[2026-08-21 20:18:40] [INFO] 配置读取成功
