[2026-08-29 00:11:22] [INFO] XGBoost模型加载成功
[2026-08-29 00:11:22] [INFO] XGBoost模型加载成功
[2026-08-29 00:11:22] [INFO] 模型推理完成：risk=低危, score=0.9966
[2026-08-29 00:19:25] [INFO] 规则推理完成：risk=低危, score=0.10
[2026-08-29 00:19:25] [INFO] 规则推理完成：risk=低危, score=0.00
[2026-08-29 00:19:25] [INFO] 规则推理完成：risk=低危, score=0.00
[2026-08-29 00:19:36] [INFO] XGBoost模型加载成功
[2026-08-29 00:19:36] [INFO] XGBoost模型加载成功
[2026-08-29 00:19:36] [INFO] 模型推理完成：risk=低危, score=0.9966
[2026-08-29 00:29:25] [INFO] XGBoost模型加载成功
[2026-08-29 00:29:25] [INFO] XGBoost模型加载成功
[2026-08-29 00:29:25] [INFO] 模型推理完成：risk=低危, score=0.9966
[2026-08-29 00:36:26] [INFO] XGBoost模型加载成功
[2026-08-29 00:36:26] [INFO] XGBoost模型加载成功
[2026-08-29 00:36:26] [INFO] 模型推理完成：risk=低危, score=0.9966
[2026-08-29 00:38:31] [INFO] XGBoost模型加载成功
[2026-08-29 00:38:31] [INFO] XGBoost模型加载成功
[2026-08-29 00:38:31] [INFO] 模型推理完成：risk=低危, score=0.9966
[2026-08-29 00:41:41] [INFO] XGBoost模型加载成功
[2026-08-29 00:41:41] [INFO] XGBoost模型加载成功
[2026-08-29 00:41:41] [INFO] 模型推理完成：risk=低危, score=0.9966
[2026-08-29 00:42:34] [INFO] 双通路联合报告生成成功
[2026-08-29 00:44:21] [INFO] XGBoost模型加载成功
[2026-08-29 00:44:21] [INFO] XGBoost模型加载成功
[2026-08-29 00:44:21] [INFO] 模型推理完成：risk=低危, score=0.9966
[2026-08-29 00:46:04] [INFO] XGBoost模型加载成功
[2026-08-29 00:46:04] [INFO] XGBoost模型加载成功
[2026-08-29 00:46:04] [INFO] 模型推理完成：risk=低危, score=0.9966
[2026-08-29 00:47:45] [INFO] XGBoost模型加载成功
[2026-08-29 00:47:45] [INFO] XGBoost模型加载成功
[2026-08-29 00:47:45] [INFO] 模型推理完成：risk=低危, score=0.9966
[2026-08-29 00:50:07] [INFO] 双通路联合报告生成成功
[2026-08-29 00:53:28] [INFO] 成功读取MIT-BIH记录：D:\桌面\王涵—AI 护心镜—基于深度学习异常定位与可解释XGBoost 的心电风险辅助筛查系统-最终版\ECG-Auxiliary-Screening\data\mitbih\mit-bih-arrhythmia-database-1.0.0\100，采样率360Hz
[2026-08-29 00:53:47] [INFO] R峰检测完成，共2272个
[2026-08-29 00:53:47] [INFO] HRV特征计算完成：{'HR': 75.48, 'RR_mean': 794.93, 'RR_std': 53.05, 'SDNN': 53.05, 'RMSSD': 70.58}
[2026-08-29 00:53:47] [INFO] 波形时间特征计算完成：{'PR': 177.98, 'QRS': 54.29, 'QT': 278.02, 'QTc': 307.12}
[2026-08-29 00:53:47] [INFO] 波形振幅特征计算完成：{'ST_shift': -0.083, 'P_amp': 0.108, 'T_amp': 0.038}
[2026-08-29 00:53:47] [INFO] 12项特征提取完成：{'HR': 75.48, 'RR_mean': 794.93, 'RR_std': 53.05, 'SDNN': 53.05, 'RMSSD': 70.58, 'PR': 177.98, 'QRS': 54.29, 'QT': 278.02, 'QTc': 307.12, 'ST_shift': -0.083, 'P_amp': 0.108, 'T_amp': 0.038}
[2026-08-29 00:53:59] [INFO] XGBoost模型加载成功
[2026-08-29 00:53:59] [INFO] XGBoost模型加载成功
[2026-08-29 00:53:59] [INFO] 模型推理完成：risk=低危, score=0.9966
[2026-08-29 00:54:08] [INFO] 配置读取成功
[2026-08-29 00:54:22] [INFO] 配置读取成功
[2026-08-29 00:54:39] [INFO] 配置读取成功
[2026-08-29 00:54:42] [INFO] 配置读取成功
[2026-08-29 00:54:43] [INFO] 配置读取成功
[2026-08-29 00:54:44] [INFO] 配置读取成功
[2026-08-29 00:54:44] [INFO] 配置读取成功
[2026-08-29 00:54:44] [INFO] 配置读取成功
[2026-08-29 00:54:45] [INFO] 配置读取成功
[2026-08-29 00:54:46] [INFO] 配置读取成功
[2026-08-29 00:54:47] [INFO] 配置读取成功
[2026-08-29 00:55:10] [INFO] 配置读取成功
[2026-08-29 00:56:18] [INFO] 配置读取成功
[2026-08-29 00:56:23] [INFO] 配置读取成功
[2026-08-29 00:56:23] [ERROR] 读取文件失败：D:\桌面\王涵—AI 护心镜—基于深度学习异常定位与可解释XGBoost 的心电风险辅助筛查系统-最终版\ECG-Auxiliary-Screening\uploads\100.dat，错误：[Errno 2] No such file or directory: 'D:/桌面/王涵—AI 护心镜—基于深度学习异常定位与可解释XGBoost 的心电风险辅助筛查系统-最终版/ECG-Auxiliary-Screening/uploads/100.hea'
[2026-08-29 00:56:27] [INFO] 配置读取成功
[2026-08-29 00:56:30] [INFO] 配置读取成功
[2026-08-29 00:56:30] [ERROR] 读取文件失败：D:\桌面\王涵—AI 护心镜—基于深度学习异常定位与可解释XGBoost 的心电风险辅助筛查系统-最终版\ECG-Auxiliary-Screening\uploads\100.dat，错误：[Errno 2] No such file or directory: 'D:/桌面/王涵—AI 护心镜—基于深度学习异常定位与可解释XGBoost 的心电风险辅助筛查系统-最终版/ECG-Auxiliary-Screening/uploads/100.hea'
[2026-08-29 00:56:44] [INFO] 配置读取成功
[2026-08-29 00:56:47] [INFO] 配置读取成功
[2026-08-29 00:56:49] [INFO] 配置读取成功
[2026-08-29 00:56:56] [INFO] 配置读取成功
[2026-08-29 00:56:59] [INFO] 配置读取成功
[2026-08-29 00:56:59] [ERROR] 读取文件失败：D:\桌面\王涵—AI 护心镜—基于深度学习异常定位与可解释XGBoost 的心电风险辅助筛查系统-最终版\ECG-Auxiliary-Screening\uploads\100.dat，错误：[Errno 2] No such file or directory: 'D:/桌面/王涵—AI 护心镜—基于深度学习异常定位与可解释XGBoost 的心电风险辅助筛查系统-最终版/ECG-Auxiliary-Screening/uploads/100.hea'
[2026-08-29 01:03:02] [INFO] 配置读取成功
[2026-08-29 01:03:03] [INFO] 成功读取MIT-BIH记录：D:\桌面\王涵—AI 护心镜—基于深度学习异常定位与可解释XGBoost 的心电风险辅助筛查系统-最终版\ECG-Auxiliary-Screening\data\mitbih\mit-bih-arrhythmia-database-1.0.0\100，采样率360Hz
[2026-08-29 01:04:54] [INFO] 配置读取成功
[2026-08-29 01:05:18] [INFO] 配置读取成功
[2026-08-29 01:05:21] [INFO] 配置读取成功
[2026-08-29 01:05:24] [INFO] 配置读取成功
[2026-08-29 01:05:24] [INFO] 成功读取MIT-BIH记录：D:\桌面\王涵—AI 护心镜—基于深度学习异常定位与可解释XGBoost 的心电风险辅助筛查系统-最终版\ECG-Auxiliary-Screening\data\mitbih\mit-bih-arrhythmia-database-1.0.0\100，采样率360Hz
[2026-08-29 01:05:30] [INFO] R峰检测完成，共2272个
[2026-08-29 01:05:30] [INFO] HRV特征计算完成：{'HR': 75.48, 'RR_mean': 794.93, 'RR_std': 53.05, 'SDNN': 53.05, 'RMSSD': 70.58}
[2026-08-29 01:05:30] [INFO] 波形时间特征计算完成：{'PR': 177.98, 'QRS': 54.29, 'QT': 278.02, 'QTc': 307.12}
[2026-08-29 01:05:30] [INFO] 波形振幅特征计算完成：{'ST_shift': -0.083, 'P_amp': 0.108, 'T_amp': 0.038}
[2026-08-29 01:05:30] [INFO] 12项特征提取完成：{'HR': 75.48, 'RR_mean': 794.93, 'RR_std': 53.05, 'SDNN': 53.05, 'RMSSD': 70.58, 'PR': 177.98, 'QRS': 54.29, 'QT': 278.02, 'QTc': 307.12, 'ST_shift': -0.083, 'P_amp': 0.108, 'T_amp': 0.038}
[2026-08-29 01:05:30] [INFO] 心拍切分完成，共2270个
[2026-08-29 01:05:37] [INFO] CNN推理完成，异常心拍数：1
[2026-08-29 01:05:37] [INFO] XGBoost模型加载成功
[2026-08-29 01:05:37] [INFO] 模型推理完成：risk=低危, score=0.9966
[2026-08-29 01:05:48] [INFO] XGBoost模型加载成功
[2026-08-29 01:05:48] [INFO] SHAP解释计算完成
[2026-08-29 01:05:48] [INFO] 双通路联合报告生成成功
[2026-08-29 01:05:49] [INFO] 配置读取成功
[2026-08-29 01:06:07] [INFO] 配置读取成功
[2026-08-29 01:06:10] [INFO] 配置读取成功
[2026-08-29 01:06:21] [INFO] 配置读取成功
[2026-08-29 01:06:21] [INFO] 配置读取成功
[2026-08-29 01:06:24] [INFO] 配置读取成功
[2026-08-29 01:12:19] [INFO] 配置读取成功
[2026-08-29 01:12:38] [INFO] 配置读取成功
[2026-08-29 01:12:44] [INFO] 配置读取成功
[2026-08-29 01:12:46] [INFO] 配置读取成功
[2026-08-29 01:12:50] [INFO] 配置读取成功
[2026-08-29 01:12:55] [INFO] 配置读取成功
[2026-08-29 01:12:56] [INFO] 成功读取MIT-BIH记录：D:\桌面\王涵—AI 护心镜—基于深度学习异常定位与可解释XGBoost 的心电风险辅助筛查系统-最终版\ECG-Auxiliary-Screening\data\mitbih\mit-bih-arrhythmia-database-1.0.0\100，采样率360Hz
[2026-08-29 01:13:02] [INFO] R峰检测完成，共2272个
[2026-08-29 01:13:02] [INFO] HRV特征计算完成：{'HR': 75.48, 'RR_mean': 794.93, 'RR_std': 53.05, 'SDNN': 53.05, 'RMSSD': 70.58}
[2026-08-29 01:13:02] [INFO] 波形时间特征计算完成：{'PR': 177.98, 'QRS': 54.29, 'QT': 278.02, 'QTc': 307.12}
[2026-08-29 01:13:02] [INFO] 波形振幅特征计算完成：{'ST_shift': -0.083, 'P_amp': 0.108, 'T_amp': 0.038}
[2026-08-29 01:13:02] [INFO] 12项特征提取完成：{'HR': 75.48, 'RR_mean': 794.93, 'RR_std': 53.05, 'SDNN': 53.05, 'RMSSD': 70.58, 'PR': 177.98, 'QRS': 54.29, 'QT': 278.02, 'QTc': 307.12, 'ST_shift': -0.083, 'P_amp': 0.108, 'T_amp': 0.038}
[2026-08-29 01:13:02] [INFO] 心拍切分完成，共2270个
[2026-08-29 01:13:03] [INFO] CNN推理完成，异常心拍数：1
[2026-08-29 01:13:03] [INFO] XGBoost模型加载成功
[2026-08-29 01:13:03] [INFO] 模型推理完成：risk=低危, score=0.9966
[2026-08-29 01:13:04] [INFO] XGBoost模型加载成功
[2026-08-29 01:13:04] [INFO] SHAP解释计算完成
[2026-08-29 01:13:04] [INFO] 双通路联合报告生成成功
[2026-08-29 01:13:04] [INFO] 配置读取成功
[2026-08-29 01:13:57] [INFO] 配置读取成功
[2026-08-29 01:13:57] [INFO] 配置读取成功
[2026-08-29 01:14:00] [INFO] 配置读取成功
[2026-08-29 01:14:15] [INFO] 配置读取成功
[2026-08-29 01:14:20] [INFO] 配置读取成功
[2026-08-29 01:14:22] [INFO] 配置读取成功
[2026-08-29 01:14:34] [INFO] 配置读取成功
[2026-08-29 01:14:41] [INFO] 配置读取成功
[2026-08-29 01:14:50] [INFO] 配置读取成功
[2026-08-29 01:15:11] [INFO] 配置读取成功
[2026-08-29 01:32:36] [INFO] 双通路联合报告生成成功
[2026-08-29 01:32:46] [INFO] XGBoost模型加载成功
[2026-08-29 01:32:46] [INFO] XGBoost模型加载成功
[2026-08-29 01:32:46] [INFO] 模型推理完成：risk=低危, score=0.9966
[2026-08-29 01:34:17] [INFO] 双通路联合报告生成成功
[2026-08-29 01:36:27] [INFO] 双通路联合报告生成成功
[2026-08-29 01:56:32] [INFO] XGBoost模型加载成功
[2026-08-29 02:03:42] [INFO] XGBoost模型加载成功
[2026-08-29 02:04:05] [INFO] XGBoost模型加载成功
[2026-08-29 02:04:05] [INFO] XGBoost模型加载成功
[2026-08-29 02:04:05] [INFO] 模型推理完成：risk=低危, score=0.9966
[2026-08-29 02:12:02] [INFO] XGBoost模型加载成功
[2026-08-29 02:12:02] [INFO] XGBoost模型加载成功
[2026-08-29 02:12:02] [INFO] 模型推理完成：risk=低危, score=0.9966
[2026-08-29 03:59:23] [INFO] 配置读取成功
[2026-08-29 04:00:02] [INFO] 配置读取成功
[2026-08-29 04:00:07] [INFO] 配置读取成功
[2026-08-29 04:00:10] [INFO] 配置读取成功
[2026-08-29 04:00:23] [INFO] 配置读取成功
[2026-08-29 04:00:29] [INFO] 配置读取成功
[2026-08-29 04:00:29] [ERROR] 读取文件失败：D:\桌面\王涵—AI 护心镜—基于深度学习异常定位与可解释XGBoost 的心电风险辅助筛查系统-最终版\ECG-Auxiliary-Screening\uploads\119.dat，错误：[Errno 2] No such file or directory: 'D:/桌面/王涵—AI 护心镜—基于深度学习异常定位与可解释XGBoost 的心电风险辅助筛查系统-最终版/ECG-Auxiliary-Screening/uploads/119.hea'
[2026-08-29 04:00:34] [INFO] 配置读取成功
[2026-08-29 04:00:39] [INFO] 配置读取成功
[2026-08-29 04:00:40] [INFO] 配置读取成功
[2026-08-29 04:00:44] [INFO] 配置读取成功
[2026-08-29 04:00:47] [INFO] 配置读取成功
[2026-08-29 04:00:47] [INFO] 成功读取MIT-BIH记录：D:\桌面\王涵—AI 护心镜—基于深度学习异常定位与可解释XGBoost 的心电风险辅助筛查系统-最终版\ECG-Auxiliary-Screening\data\mitbih\mit-bih-arrhythmia-database-1.0.0\100，采样率360Hz
[2026-08-29 04:00:54] [INFO] R峰检测完成，共2272个
[2026-08-29 04:00:54] [INFO] HRV特征计算完成：{'HR': 75.48, 'RR_mean': 794.93, 'RR_std': 53.05, 'SDNN': 53.05, 'RMSSD': 70.58}
[2026-08-29 04:00:54] [INFO] 波形时间特征计算完成：{'PR': 177.98, 'QRS': 54.29, 'QT': 278.02, 'QTc': 307.12}
[2026-08-29 04:00:54] [INFO] 波形振幅特征计算完成：{'ST_shift': -0.083, 'P_amp': 0.108, 'T_amp': 0.038}
[2026-08-29 04:00:54] [INFO] 12项特征提取完成：{'HR': 75.48, 'RR_mean': 794.93, 'RR_std': 53.05, 'SDNN': 53.05, 'RMSSD': 70.58, 'PR': 177.98, 'QRS': 54.29, 'QT': 278.02, 'QTc': 307.12, 'ST_shift': -0.083, 'P_amp': 0.108, 'T_amp': 0.038}
[2026-08-29 04:00:54] [INFO] 心拍切分完成，共2270个
[2026-08-29 04:01:02] [INFO] CNN推理完成，异常心拍数：1
[2026-08-29 04:01:03] [INFO] XGBoost模型加载成功
[2026-08-29 04:01:03] [INFO] 模型推理完成：risk=低危, score=0.9966
[2026-08-29 04:01:17] [INFO] XGBoost模型加载成功
[2026-08-29 04:01:17] [INFO] SHAP解释计算完成
[2026-08-29 04:01:17] [INFO] XGBoost模型加载成功
[2026-08-29 04:01:18] [INFO] 双通路联合报告生成成功
[2026-08-29 04:01:19] [INFO] 配置读取成功
[2026-08-29 04:39:36] [INFO] 配置读取成功
[2026-08-29 04:41:17] [INFO] 配置读取成功
