[2026-08-31 06:04:37] [INFO] 配置读取成功
[2026-08-31 06:04:56] [INFO] 配置读取成功
[2026-08-31 06:05:00] [INFO] 配置读取成功
[2026-08-31 06:05:02] [INFO] 配置读取成功
[2026-08-31 06:05:03] [INFO] 成功读取CSV：uploads/100_30s.csv，采样率360.00Hz，点数10800
[2026-08-31 06:05:03] [INFO] R峰检测完成，共37个
[2026-08-31 06:05:03] [INFO] HRV特征计算完成：{'HR': 74.01, 'RR_mean': 810.65, 'RR_std': 47.28, 'SDNN': 47.28, 'RMSSD': 74.87}
[2026-08-31 06:05:03] [INFO] 波形时间特征计算完成：{'PR': 166.75, 'QRS': 50.48, 'QT': 27.78, 'QTc': 31.22}
[2026-08-31 06:05:03] [INFO] 波形振幅特征计算完成：{'ST_shift': -0.074, 'P_amp': 0.098, 'T_amp': 0.03}
[2026-08-31 06:05:03] [INFO] 12项特征提取完成：{'HR': 74.01, 'RR_mean': 810.65, 'RR_std': 47.28, 'SDNN': 47.28, 'RMSSD': 74.87, 'PR': 166.75, 'QRS': 50.48, 'QT': 27.78, 'QTc': 31.22, 'ST_shift': -0.074, 'P_amp': 0.098, 'T_amp': 0.03}
[2026-08-31 06:05:03] [INFO] 心拍切分完成，共36个
[2026-08-31 06:05:10] [INFO] CNN推理完成，异常心拍数：0
[2026-08-31 06:05:10] [INFO] XGBoost模型加载成功
[2026-08-31 06:05:10] [INFO] 模型推理完成：risk=低危, score=0.9589
[2026-08-31 06:05:22] [INFO] XGBoost模型加载成功
[2026-08-31 06:05:22] [INFO] SHAP解释计算完成
[2026-08-31 06:05:22] [INFO] 配置读取成功
[2026-08-31 06:05:45] [INFO] 配置读取成功
[2026-08-31 06:19:38] [INFO] 配置读取成功
[2026-08-31 06:19:48] [INFO] 配置读取成功
[2026-08-31 06:19:51] [INFO] 配置读取成功
[2026-08-31 06:19:51] [INFO] 成功读取CSV：D:\桌面\王涵—AI 护心镜—基于深度学习异常定位与可解释XGBoost 的心电风险辅助筛查系统\ECG-Auxiliary-Screening\uploads\106_30s.csv，采样率360.00Hz，点数10800
[2026-08-31 06:19:51] [INFO] R峰检测完成，共34个
[2026-08-31 06:19:51] [INFO] HRV特征计算完成：{'HR': 69.66, 'RR_mean': 861.28, 'RR_std': 110.78, 'SDNN': 110.78, 'RMSSD': 40.63}
[2026-08-31 06:19:51] [INFO] 波形时间特征计算完成：{'PR': 109.03, 'QRS': 51.65, 'QT': 35.59, 'QTc': 34.92}
[2026-08-31 06:19:51] [INFO] 波形振幅特征计算完成：{'ST_shift': -0.273, 'P_amp': 0.201, 'T_amp': 0.47}
[2026-08-31 06:19:51] [INFO] 12项特征提取完成：{'HR': 69.66, 'RR_mean': 861.28, 'RR_std': 110.78, 'SDNN': 110.78, 'RMSSD': 40.63, 'PR': 109.03, 'QRS': 51.65, 'QT': 35.59, 'QTc': 34.92, 'ST_shift': -0.273, 'P_amp': 0.201, 'T_amp': 0.47}
[2026-08-31 06:19:51] [INFO] 心拍切分完成，共34个
[2026-08-31 06:19:52] [INFO] CNN推理完成，异常心拍数：0
[2026-08-31 06:19:52] [INFO] XGBoost模型加载成功
[2026-08-31 06:19:52] [INFO] 模型推理完成：risk=低危, score=0.8449
[2026-08-31 06:19:52] [INFO] XGBoost模型加载成功
[2026-08-31 06:19:52] [INFO] SHAP解释计算完成
[2026-08-31 06:19:52] [INFO] 配置读取成功
[2026-08-31 06:20:03] [INFO] 配置读取成功
[2026-08-31 06:23:51] [INFO] 配置读取成功
[2026-08-31 06:23:57] [INFO] 配置读取成功
[2026-08-31 06:24:06] [INFO] 配置读取成功
[2026-08-31 06:24:12] [INFO] 配置读取成功
[2026-08-31 06:24:46] [INFO] 配置读取成功
[2026-08-31 06:40:29] [INFO] 配置读取成功
[2026-08-31 06:42:54] [INFO] 配置读取成功
[2026-08-31 06:44:08] [INFO] 配置读取成功
[2026-08-31 06:44:13] [INFO] 配置读取成功
[2026-08-31 06:44:27] [INFO] 配置读取成功
[2026-08-31 06:44:27] [INFO] 配置读取成功
[2026-08-31 06:44:33] [INFO] 配置读取成功
[2026-08-31 06:44:50] [INFO] 配置读取成功
[2026-08-31 07:12:41] [INFO] 配置读取成功
[2026-08-31 07:12:42] [INFO] 成功读取CSV：uploads/100_30s.csv，采样率360.00Hz，点数10800
[2026-08-31 07:12:42] [INFO] R峰检测完成，共37个
[2026-08-31 07:12:42] [INFO] HRV特征计算完成：{'HR': 74.01, 'RR_mean': 810.65, 'RR_std': 47.28, 'SDNN': 47.28, 'RMSSD': 74.87}
[2026-08-31 07:12:42] [INFO] 波形时间特征计算完成：{'PR': 166.75, 'QRS': 50.48, 'QT': 27.78, 'QTc': 31.22}
[2026-08-31 07:12:42] [INFO] 波形振幅特征计算完成：{'ST_shift': -0.074, 'P_amp': 0.098, 'T_amp': 0.03}
[2026-08-31 07:12:42] [INFO] 12项特征提取完成：{'HR': 74.01, 'RR_mean': 810.65, 'RR_std': 47.28, 'SDNN': 47.28, 'RMSSD': 74.87, 'PR': 166.75, 'QRS': 50.48, 'QT': 27.78, 'QTc': 31.22, 'ST_shift': -0.074, 'P_amp': 0.098, 'T_amp': 0.03}
[2026-08-31 07:12:42] [INFO] 心拍切分完成，共36个
[2026-08-31 07:12:44] [INFO] CNN推理完成，异常心拍数：0
[2026-08-31 07:12:44] [INFO] XGBoost模型加载成功
[2026-08-31 07:12:44] [INFO] 模型推理完成：risk=低危, score=0.9589
[2026-08-31 07:12:45] [INFO] XGBoost模型加载成功
[2026-08-31 07:12:45] [INFO] SHAP解释计算完成
[2026-08-31 07:14:50] [INFO] 配置读取成功
[2026-08-31 07:15:02] [INFO] 配置读取成功
[2026-08-31 07:15:05] [INFO] 配置读取成功
[2026-08-31 07:15:05] [INFO] 成功读取CSV：D:\桌面\王涵—AI 护心镜—基于深度学习异常定位与可解释XGBoost 的心电风险辅助筛查系统\ECG-Auxiliary-Screening\uploads\109_30s.csv，采样率360.00Hz，点数10800
[2026-08-31 07:15:05] [INFO] R峰检测完成，共40个
[2026-08-31 07:15:05] [INFO] HRV特征计算完成：{'HR': 83.82, 'RR_mean': 715.81, 'RR_std': 294.05, 'SDNN': 294.05, 'RMSSD': 431.2}
[2026-08-31 07:15:05] [INFO] 波形时间特征计算完成：{'PR': 66.01, 'QRS': 8.04, 'QT': 294.74, 'QTc': 362.49}
[2026-08-31 07:15:05] [INFO] 波形振幅特征计算完成：{'ST_shift': -0.296, 'P_amp': 0.694, 'T_amp': 0.251}
[2026-08-31 07:15:05] [INFO] 12项特征提取完成：{'HR': 83.82, 'RR_mean': 715.81, 'RR_std': 294.05, 'SDNN': 294.05, 'RMSSD': 431.2, 'PR': 66.01, 'QRS': 8.04, 'QT': 294.74, 'QTc': 362.49, 'ST_shift': -0.296, 'P_amp': 0.694, 'T_amp': 0.251}
[2026-08-31 07:15:05] [INFO] 心拍切分完成，共39个
[2026-08-31 07:15:06] [INFO] CNN推理完成，异常心拍数：1
[2026-08-31 07:15:06] [INFO] XGBoost模型加载成功
[2026-08-31 07:15:06] [INFO] 模型推理完成：risk=中危, score=0.7176
[2026-08-31 07:15:06] [INFO] XGBoost模型加载成功
[2026-08-31 07:15:06] [INFO] SHAP解释计算完成
[2026-08-31 07:15:06] [INFO] 配置读取成功
[2026-08-31 07:15:35] [INFO] 配置读取成功
[2026-08-31 07:15:54] [INFO] 配置读取成功
[2026-08-31 07:15:56] [INFO] 配置读取成功
[2026-08-31 07:16:02] [INFO] 配置读取成功
[2026-08-31 07:16:03] [INFO] 配置读取成功
[2026-08-31 07:16:08] [INFO] 配置读取成功
[2026-08-31 07:16:55] [INFO] 配置读取成功
[2026-08-31 07:35:14] [INFO] 配置读取成功
[2026-08-31 07:35:16] [INFO] 成功读取CSV：uploads/100_30s.csv，采样率360.00Hz，点数10800
[2026-08-31 07:35:16] [INFO] R峰检测完成，共37个
[2026-08-31 07:35:16] [INFO] HRV特征计算完成：{'HR': 74.01, 'RR_mean': 810.65, 'RR_std': 47.28, 'SDNN': 47.28, 'RMSSD': 74.87}
[2026-08-31 07:35:16] [INFO] 波形时间特征计算完成：{'PR': 166.75, 'QRS': 50.48, 'QT': 27.78, 'QTc': 31.22}
[2026-08-31 07:35:16] [INFO] 波形振幅特征计算完成：{'ST_shift': -0.074, 'P_amp': 0.098, 'T_amp': 0.03}
[2026-08-31 07:35:16] [INFO] 12项特征提取完成：{'HR': 74.01, 'RR_mean': 810.65, 'RR_std': 47.28, 'SDNN': 47.28, 'RMSSD': 74.87, 'PR': 166.75, 'QRS': 50.48, 'QT': 27.78, 'QTc': 31.22, 'ST_shift': -0.074, 'P_amp': 0.098, 'T_amp': 0.03}
[2026-08-31 07:35:16] [INFO] 心拍切分完成，共36个
[2026-08-31 07:35:18] [INFO] CNN推理完成，异常心拍数：0
[2026-08-31 07:35:18] [INFO] XGBoost模型加载成功
[2026-08-31 07:35:19] [INFO] 模型推理完成：risk=低危, score=0.9589
[2026-08-31 07:35:25] [INFO] XGBoost模型加载成功
[2026-08-31 07:35:25] [INFO] SHAP解释计算完成
[2026-08-31 07:36:44] [INFO] 配置读取成功
[2026-08-31 07:37:01] [INFO] 配置读取成功
[2026-08-31 07:37:04] [INFO] 配置读取成功
[2026-08-31 07:37:09] [INFO] 配置读取成功
[2026-08-31 07:37:10] [INFO] 配置读取成功
[2026-08-31 07:37:12] [INFO] 成功读取CSV：uploads/100_30s.csv，采样率360.00Hz，点数10800
[2026-08-31 07:37:13] [INFO] R峰检测完成，共37个
[2026-08-31 07:37:13] [INFO] HRV特征计算完成：{'HR': 74.01, 'RR_mean': 810.65, 'RR_std': 47.28, 'SDNN': 47.28, 'RMSSD': 74.87}
[2026-08-31 07:37:13] [INFO] 波形时间特征计算完成：{'PR': 166.75, 'QRS': 50.48, 'QT': 27.78, 'QTc': 31.22}
[2026-08-31 07:37:13] [INFO] 波形振幅特征计算完成：{'ST_shift': -0.074, 'P_amp': 0.098, 'T_amp': 0.03}
[2026-08-31 07:37:13] [INFO] 12项特征提取完成：{'HR': 74.01, 'RR_mean': 810.65, 'RR_std': 47.28, 'SDNN': 47.28, 'RMSSD': 74.87, 'PR': 166.75, 'QRS': 50.48, 'QT': 27.78, 'QTc': 31.22, 'ST_shift': -0.074, 'P_amp': 0.098, 'T_amp': 0.03}
[2026-08-31 07:37:13] [INFO] 心拍切分完成，共36个
[2026-08-31 07:37:14] [INFO] CNN推理完成，异常心拍数：0
[2026-08-31 07:37:14] [INFO] XGBoost模型加载成功
[2026-08-31 07:37:14] [INFO] 模型推理完成：risk=低危, score=0.9589
[2026-08-31 07:37:17] [INFO] 配置读取成功
[2026-08-31 07:37:21] [INFO] 配置读取成功
[2026-08-31 07:37:23] [INFO] XGBoost模型加载成功
[2026-08-31 07:37:23] [INFO] SHAP解释计算完成
[2026-08-31 07:38:11] [INFO] 配置读取成功
[2026-08-31 07:47:09] [INFO] 配置读取成功
[2026-08-31 07:47:19] [INFO] 配置读取成功
[2026-08-31 07:53:16] [INFO] 配置读取成功
[2026-08-31 07:53:17] [INFO] 成功读取CSV：uploads/100_30s.csv，采样率360.00Hz，点数10800
[2026-08-31 07:53:17] [INFO] R峰检测完成，共37个
[2026-08-31 07:53:17] [INFO] HRV特征计算完成：{'HR': 74.01, 'RR_mean': 810.65, 'RR_std': 47.28, 'SDNN': 47.28, 'RMSSD': 74.87}
[2026-08-31 07:53:17] [INFO] 波形时间特征计算完成：{'PR': 166.75, 'QRS': 50.48, 'QT': 27.78, 'QTc': 31.22}
[2026-08-31 07:53:17] [INFO] 波形振幅特征计算完成：{'ST_shift': -0.074, 'P_amp': 0.098, 'T_amp': 0.03}
[2026-08-31 07:53:17] [INFO] 12项特征提取完成：{'HR': 74.01, 'RR_mean': 810.65, 'RR_std': 47.28, 'SDNN': 47.28, 'RMSSD': 74.87, 'PR': 166.75, 'QRS': 50.48, 'QT': 27.78, 'QTc': 31.22, 'ST_shift': -0.074, 'P_amp': 0.098, 'T_amp': 0.03}
[2026-08-31 07:53:17] [INFO] 心拍切分完成，共36个
[2026-08-31 07:53:19] [INFO] CNN推理完成，异常心拍数：0
[2026-08-31 07:53:19] [INFO] XGBoost模型加载成功
[2026-08-31 07:53:19] [INFO] 模型推理完成：risk=低危, score=0.9589
[2026-08-31 07:53:25] [INFO] XGBoost模型加载成功
[2026-08-31 07:53:25] [INFO] SHAP解释计算完成
[2026-08-31 07:54:47] [INFO] 配置读取成功
[2026-08-31 07:54:49] [INFO] 成功读取CSV：uploads/100_30s.csv，采样率360.00Hz，点数10800
[2026-08-31 07:54:49] [INFO] R峰检测完成，共37个
[2026-08-31 07:54:49] [INFO] HRV特征计算完成：{'HR': 74.01, 'RR_mean': 810.65, 'RR_std': 47.28, 'SDNN': 47.28, 'RMSSD': 74.87}
[2026-08-31 07:54:49] [INFO] 波形时间特征计算完成：{'PR': 166.75, 'QRS': 50.48, 'QT': 27.78, 'QTc': 31.22}
[2026-08-31 07:54:49] [INFO] 波形振幅特征计算完成：{'ST_shift': -0.074, 'P_amp': 0.098, 'T_amp': 0.03}
[2026-08-31 07:54:49] [INFO] 12项特征提取完成：{'HR': 74.01, 'RR_mean': 810.65, 'RR_std': 47.28, 'SDNN': 47.28, 'RMSSD': 74.87, 'PR': 166.75, 'QRS': 50.48, 'QT': 27.78, 'QTc': 31.22, 'ST_shift': -0.074, 'P_amp': 0.098, 'T_amp': 0.03}
[2026-08-31 07:54:49] [INFO] 心拍切分完成，共36个
[2026-08-31 07:54:50] [INFO] CNN推理完成，异常心拍数：0
[2026-08-31 07:54:50] [INFO] XGBoost模型加载成功
[2026-08-31 07:54:50] [INFO] 模型推理完成：risk=低危, score=0.9589
[2026-08-31 07:54:52] [INFO] XGBoost模型加载成功
[2026-08-31 07:54:52] [INFO] SHAP解释计算完成
[2026-08-31 10:24:42] [INFO] 配置读取成功
[2026-08-31 10:24:57] [INFO] 配置读取成功
[2026-08-31 10:25:00] [INFO] 配置读取成功
[2026-08-31 10:25:01] [INFO] 成功读取CSV：D:\桌面\王涵—AI 护心镜—基于深度学习异常定位与可解释XGBoost 的心电风险辅助筛查系统\ECG-Auxiliary-Screening\uploads\109_30s.csv，采样率360.00Hz，点数10800
[2026-08-31 10:25:01] [INFO] R峰检测完成，共40个
[2026-08-31 10:25:01] [INFO] HRV特征计算完成：{'HR': 83.82, 'RR_mean': 715.81, 'RR_std': 294.05, 'SDNN': 294.05, 'RMSSD': 431.2}
[2026-08-31 10:25:01] [INFO] 波形时间特征计算完成：{'PR': 66.01, 'QRS': 8.04, 'QT': 294.74, 'QTc': 362.49}
[2026-08-31 10:25:01] [INFO] 波形振幅特征计算完成：{'ST_shift': -0.296, 'P_amp': 0.694, 'T_amp': 0.251}
[2026-08-31 10:25:01] [INFO] 12项特征提取完成：{'HR': 83.82, 'RR_mean': 715.81, 'RR_std': 294.05, 'SDNN': 294.05, 'RMSSD': 431.2, 'PR': 66.01, 'QRS': 8.04, 'QT': 294.74, 'QTc': 362.49, 'ST_shift': -0.296, 'P_amp': 0.694, 'T_amp': 0.251}
[2026-08-31 10:25:01] [INFO] 心拍切分完成，共39个
[2026-08-31 10:25:01] [INFO] CNN推理完成，异常心拍数：1
[2026-08-31 10:25:01] [INFO] XGBoost模型加载成功
[2026-08-31 10:25:01] [INFO] 模型推理完成：risk=中危, score=0.7176
[2026-08-31 10:25:02] [INFO] XGBoost模型加载成功
[2026-08-31 10:25:02] [INFO] SHAP解释计算完成
[2026-08-31 10:25:02] [INFO] 配置读取成功
[2026-08-31 10:25:21] [INFO] 配置读取成功
[2026-08-31 10:25:25] [INFO] 配置读取成功
[2026-08-31 10:25:28] [INFO] 配置读取成功
[2026-08-31 10:25:32] [INFO] 配置读取成功
[2026-08-31 10:25:39] [INFO] 配置读取成功
[2026-08-31 10:25:39] [INFO] 配置读取成功
[2026-08-31 10:25:42] [INFO] 配置读取成功
[2026-08-31 10:25:48] [INFO] 配置读取成功
[2026-08-31 10:25:48] [INFO] 配置读取成功
[2026-08-31 10:25:53] [INFO] 配置读取成功
[2026-08-31 10:25:53] [INFO] 配置读取成功
[2026-08-31 10:26:01] [INFO] 配置读取成功
[2026-08-31 10:28:05] [INFO] 配置读取成功
[2026-08-31 10:52:28] [INFO] 配置读取成功
[2026-08-31 10:53:26] [INFO] 配置读取成功
[2026-08-31 10:53:29] [INFO] 配置读取成功
[2026-08-31 10:53:30] [INFO] 成功读取CSV：D:\桌面\王涵—AI 护心镜—基于深度学习异常定位与可解释XGBoost 的心电风险辅助筛查系统\ECG-Auxiliary-Screening\uploads\108_30s.csv，采样率360.00Hz，点数10800
[2026-08-31 10:53:30] [INFO] R峰检测完成，共3个
[2026-08-31 10:53:30] [INFO] HRV特征计算完成：{'HR': 7.03, 'RR_mean': 8533.33, 'RR_std': 7991.67, 'SDNN': 7991.67, 'RMSSD': 15983.33}
[2026-08-31 10:53:30] [INFO] 波形时间特征计算完成：{'PR': 119.44, 'QRS': 66.67, 'QT': 83.33, 'QTc': 20.5}
[2026-08-31 10:53:30] [INFO] 波形振幅特征计算完成：{'ST_shift': -0.047, 'P_amp': 0.262, 'T_amp': 0.325}
[2026-08-31 10:53:30] [INFO] 12项特征提取完成：{'HR': 7.03, 'RR_mean': 8533.33, 'RR_std': 7991.67, 'SDNN': 7991.67, 'RMSSD': 15983.33, 'PR': 119.44, 'QRS': 66.67, 'QT': 83.33, 'QTc': 20.5, 'ST_shift': -0.047, 'P_amp': 0.262, 'T_amp': 0.325}
[2026-08-31 10:53:30] [INFO] 心拍切分完成，共3个
[2026-08-31 10:53:34] [INFO] CNN推理完成，异常心拍数：0
[2026-08-31 10:53:35] [INFO] XGBoost模型加载成功
[2026-08-31 10:53:35] [INFO] 模型推理完成：risk=中危, score=0.9768
[2026-08-31 10:53:46] [INFO] XGBoost模型加载成功
[2026-08-31 10:53:46] [INFO] SHAP解释计算完成
[2026-08-31 10:53:46] [INFO] 配置读取成功
[2026-08-31 10:54:33] [INFO] 配置读取成功
[2026-08-31 10:54:37] [INFO] 配置读取成功
[2026-08-31 10:54:42] [INFO] 配置读取成功
[2026-08-31 10:54:53] [INFO] 配置读取成功
[2026-08-31 10:54:53] [INFO] 配置读取成功
[2026-08-31 10:54:56] [INFO] 配置读取成功
[2026-08-31 10:55:03] [INFO] 配置读取成功
[2026-08-31 12:55:36] [INFO] 配置读取成功
[2026-08-31 12:55:48] [INFO] 配置读取成功
[2026-08-31 12:55:49] [INFO] 配置读取成功
[2026-08-31 12:55:54] [INFO] 配置读取成功
[2026-08-31 12:56:04] [INFO] 配置读取成功
[2026-08-31 12:56:05] [INFO] 配置读取成功
[2026-08-31 12:56:12] [INFO] 配置读取成功
[2026-08-31 12:56:14] [INFO] 配置读取成功
[2026-08-31 12:56:14] [INFO] 成功读取CSV：D:\桌面\王涵—AI 护心镜—基于深度学习异常定位与可解释XGBoost 的心电风险辅助筛查系统\ECG-Auxiliary-Screening\uploads\100_30s.csv，采样率360.00Hz，点数10800
[2026-08-31 12:56:14] [INFO] R峰检测完成，共37个
[2026-08-31 12:56:14] [INFO] HRV特征计算完成：{'HR': 74.01, 'RR_mean': 810.65, 'RR_std': 47.28, 'SDNN': 47.28, 'RMSSD': 74.87}
[2026-08-31 12:56:14] [INFO] 波形时间特征计算完成：{'PR': 166.75, 'QRS': 50.48, 'QT': 27.78, 'QTc': 31.22}
[2026-08-31 12:56:14] [INFO] 波形振幅特征计算完成：{'ST_shift': -0.074, 'P_amp': 0.098, 'T_amp': 0.03}
[2026-08-31 12:56:14] [INFO] 12项特征提取完成：{'HR': 74.01, 'RR_mean': 810.65, 'RR_std': 47.28, 'SDNN': 47.28, 'RMSSD': 74.87, 'PR': 166.75, 'QRS': 50.48, 'QT': 27.78, 'QTc': 31.22, 'ST_shift': -0.074, 'P_amp': 0.098, 'T_amp': 0.03}
[2026-08-31 12:56:14] [INFO] 心拍切分完成，共36个
[2026-08-31 12:56:15] [INFO] CNN推理完成，异常心拍数：0
[2026-08-31 12:56:15] [INFO] XGBoost模型加载成功
[2026-08-31 12:56:15] [INFO] 模型推理完成：risk=低危, score=0.9589
[2026-08-31 12:56:15] [INFO] XGBoost模型加载成功
[2026-08-31 12:56:15] [INFO] SHAP解释计算完成
[2026-08-31 12:56:15] [INFO] 配置读取成功
[2026-08-31 12:56:27] [INFO] 配置读取成功
[2026-08-31 12:56:31] [INFO] 配置读取成功
[2026-08-31 12:56:35] [INFO] 配置读取成功
[2026-08-31 12:56:55] [INFO] 配置读取成功
[2026-08-31 13:05:22] [INFO] 配置读取成功
[2026-08-31 13:05:38] [INFO] 配置读取成功
[2026-08-31 13:05:40] [INFO] 配置读取成功
[2026-08-31 13:05:57] [INFO] 配置读取成功
[2026-08-31 13:05:59] [INFO] 配置读取成功
[2026-08-31 13:06:00] [INFO] 配置读取成功
[2026-08-31 13:06:03] [INFO] 配置读取成功
[2026-08-31 13:06:03] [INFO] 成功读取CSV：uploads/100_30s.csv，采样率360.00Hz，点数10800
[2026-08-31 13:06:04] [INFO] R峰检测完成，共37个
[2026-08-31 13:06:04] [INFO] HRV特征计算完成：{'HR': 74.01, 'RR_mean': 810.65, 'RR_std': 47.28, 'SDNN': 47.28, 'RMSSD': 74.87}
[2026-08-31 13:06:04] [INFO] 波形时间特征计算完成：{'PR': 166.75, 'QRS': 50.48, 'QT': 27.78, 'QTc': 31.22}
[2026-08-31 13:06:04] [INFO] 波形振幅特征计算完成：{'ST_shift': -0.074, 'P_amp': 0.098, 'T_amp': 0.03}
[2026-08-31 13:06:04] [INFO] 12项特征提取完成：{'HR': 74.01, 'RR_mean': 810.65, 'RR_std': 47.28, 'SDNN': 47.28, 'RMSSD': 74.87, 'PR': 166.75, 'QRS': 50.48, 'QT': 27.78, 'QTc': 31.22, 'ST_shift': -0.074, 'P_amp': 0.098, 'T_amp': 0.03}
[2026-08-31 13:06:04] [INFO] 心拍切分完成，共36个
[2026-08-31 13:06:04] [INFO] CNN推理完成，异常心拍数：0
[2026-08-31 13:06:04] [INFO] XGBoost模型加载成功
[2026-08-31 13:06:04] [INFO] 模型推理完成：risk=低危, score=0.9589
[2026-08-31 13:06:04] [INFO] XGBoost模型加载成功
[2026-08-31 13:06:04] [INFO] SHAP解释计算完成
[2026-08-31 13:06:05] [INFO] 配置读取成功
[2026-08-31 13:06:31] [INFO] 配置读取成功
[2026-08-31 13:06:31] [INFO] 配置读取成功
[2026-08-31 13:06:33] [INFO] 配置读取成功
[2026-08-31 13:06:41] [INFO] 配置读取成功
[2026-08-31 13:06:41] [INFO] 配置读取成功
[2026-08-31 13:06:52] [INFO] 配置读取成功
[2026-08-31 13:06:55] [INFO] 配置读取成功
[2026-08-31 13:06:58] [INFO] 配置读取成功
[2026-08-31 13:07:22] [INFO] 配置读取成功
[2026-08-31 13:15:14] [INFO] 配置读取成功
[2026-08-31 13:15:19] [INFO] 配置读取成功
[2026-08-31 13:15:20] [INFO] 配置读取成功
[2026-08-31 13:20:17] [INFO] 配置读取成功
[2026-08-31 13:20:24] [INFO] 配置读取成功
[2026-08-31 13:20:50] [INFO] 配置读取成功
[2026-08-31 13:20:52] [INFO] 配置读取成功
[2026-08-31 13:21:11] [INFO] 配置读取成功
[2026-08-31 13:21:19] [INFO] 配置读取成功
[2026-08-31 13:21:19] [INFO] 配置读取成功
[2026-08-31 13:21:20] [INFO] 配置读取成功
[2026-08-31 13:21:26] [INFO] 配置读取成功
[2026-08-31 13:22:58] [INFO] 配置读取成功
[2026-08-31 13:24:15] [INFO] 配置读取成功
[2026-08-31 13:24:18] [INFO] 配置读取成功
[2026-08-31 13:24:19] [INFO] 配置读取成功
[2026-08-31 13:24:24] [INFO] 配置读取成功
[2026-08-31 13:24:44] [INFO] 配置读取成功
[2026-08-31 13:24:44] [INFO] 成功读取CSV：D:\桌面\王涵—AI 护心镜—基于深度学习异常定位与可解释XGBoost 的心电风险辅助筛查系统\ECG-Auxiliary-Screening\uploads\109_30s.csv，采样率360.00Hz，点数10800
[2026-08-31 13:24:44] [INFO] R峰检测完成，共40个
[2026-08-31 13:24:44] [INFO] HRV特征计算完成：{'HR': 83.82, 'RR_mean': 715.81, 'RR_std': 294.05, 'SDNN': 294.05, 'RMSSD': 431.2}
[2026-08-31 13:24:44] [INFO] 波形时间特征计算完成：{'PR': 66.01, 'QRS': 8.04, 'QT': 294.74, 'QTc': 362.49}
[2026-08-31 13:24:44] [INFO] 波形振幅特征计算完成：{'ST_shift': -0.296, 'P_amp': 0.694, 'T_amp': 0.251}
[2026-08-31 13:24:44] [INFO] 12项特征提取完成：{'HR': 83.82, 'RR_mean': 715.81, 'RR_std': 294.05, 'SDNN': 294.05, 'RMSSD': 431.2, 'PR': 66.01, 'QRS': 8.04, 'QT': 294.74, 'QTc': 362.49, 'ST_shift': -0.296, 'P_amp': 0.694, 'T_amp': 0.251}
[2026-08-31 13:24:44] [INFO] 心拍切分完成，共39个
[2026-08-31 13:24:45] [INFO] CNN推理完成，异常心拍数：1
[2026-08-31 13:24:45] [INFO] XGBoost模型加载成功
[2026-08-31 13:24:45] [INFO] 模型推理完成：risk=中危, score=0.7176
[2026-08-31 13:24:45] [INFO] XGBoost模型加载成功
[2026-08-31 13:24:45] [INFO] SHAP解释计算完成
[2026-08-31 13:24:46] [INFO] 配置读取成功
[2026-08-31 16:54:48] [INFO] 配置读取成功
[2026-08-31 17:00:18] [INFO] 配置读取成功
[2026-08-31 17:00:20] [INFO] 配置读取成功
[2026-08-31 17:01:13] [INFO] 配置读取成功
[2026-08-31 17:01:14] [INFO] 配置读取成功
[2026-08-31 17:02:17] [INFO] 配置读取成功
[2026-08-31 17:02:19] [INFO] 配置读取成功
[2026-08-31 17:02:23] [INFO] 配置读取成功
[2026-08-31 17:11:30] [INFO] 配置读取成功
[2026-08-31 17:14:56] [INFO] 配置读取成功
[2026-08-31 17:14:59] [INFO] 配置读取成功
[2026-08-31 17:15:00] [INFO] 配置读取成功
[2026-08-31 17:15:11] [INFO] 配置读取成功
[2026-08-31 17:15:13] [INFO] 配置读取成功
[2026-08-31 17:15:14] [INFO] 成功读取CSV：D:\桌面\王涵—AI 护心镜—基于深度学习异常定位与可解释XGBoost 的心电风险辅助筛查系统\ECG-Auxiliary-Screening\uploads\106_30s.csv，采样率360.00Hz，点数10800
[2026-08-31 17:15:14] [INFO] R峰检测完成，共34个
[2026-08-31 17:15:14] [INFO] HRV特征计算完成：{'HR': 69.66, 'RR_mean': 861.28, 'RR_std': 110.78, 'SDNN': 110.78, 'RMSSD': 40.63}
[2026-08-31 17:15:14] [INFO] 波形时间特征计算完成：{'PR': 109.03, 'QRS': 51.65, 'QT': 35.59, 'QTc': 34.92}
[2026-08-31 17:15:14] [INFO] 波形振幅特征计算完成：{'ST_shift': -0.273, 'P_amp': 0.201, 'T_amp': 0.47}
[2026-08-31 17:15:14] [INFO] 12项特征提取完成：{'HR': 69.66, 'RR_mean': 861.28, 'RR_std': 110.78, 'SDNN': 110.78, 'RMSSD': 40.63, 'PR': 109.03, 'QRS': 51.65, 'QT': 35.59, 'QTc': 34.92, 'ST_shift': -0.273, 'P_amp': 0.201, 'T_amp': 0.47}
[2026-08-31 17:15:14] [INFO] 心拍切分完成，共34个
[2026-08-31 17:15:15] [INFO] CNN推理完成，异常心拍数：0
[2026-08-31 17:15:15] [INFO] XGBoost模型加载成功
[2026-08-31 17:15:15] [INFO] 模型推理完成：risk=低危, score=0.8449
[2026-08-31 17:15:15] [INFO] XGBoost模型加载成功
[2026-08-31 17:15:15] [INFO] SHAP解释计算完成
[2026-08-31 17:15:16] [INFO] 配置读取成功
[2026-08-31 17:15:32] [INFO] 配置读取成功
[2026-08-31 17:15:38] [INFO] 配置读取成功
[2026-08-31 17:15:40] [INFO] 配置读取成功
[2026-08-31 17:15:58] [INFO] 配置读取成功
[2026-08-31 17:15:58] [INFO] 配置读取成功
[2026-08-31 17:16:23] [INFO] 配置读取成功
[2026-08-31 17:16:34] [INFO] 配置读取成功
[2026-08-31 17:16:35] [INFO] 配置读取成功
[2026-08-31 17:16:38] [INFO] 配置读取成功
[2026-08-31 17:16:38] [INFO] 配置读取成功
[2026-08-31 17:16:47] [INFO] 配置读取成功
[2026-08-31 17:18:12] [INFO] 配置读取成功
[2026-08-31 17:18:58] [INFO] 配置读取成功
[2026-08-31 17:21:36] [INFO] 配置读取成功
[2026-08-31 17:21:41] [INFO] 配置读取成功
[2026-08-31 17:21:45] [INFO] 配置读取成功
[2026-08-31 17:21:56] [INFO] 配置读取成功
[2026-08-31 17:21:58] [INFO] 配置读取成功
[2026-08-31 18:44:32] [INFO] 配置读取成功
[2026-08-31 18:49:51] [INFO] 配置读取成功
[2026-08-31 19:00:17] [INFO] 配置读取成功
[2026-08-31 19:00:30] [INFO] 配置读取成功
[2026-08-31 19:00:33] [INFO] 配置读取成功
[2026-08-31 19:06:03] [INFO] 配置读取成功
[2026-08-31 19:07:07] [INFO] 配置读取成功
[2026-08-31 19:07:09] [INFO] 配置读取成功
[2026-08-31 19:07:11] [INFO] 配置读取成功
[2026-08-31 19:17:28] [INFO] 配置读取成功
[2026-08-31 19:22:45] [INFO] 配置读取成功
[2026-08-31 19:22:49] [INFO] 配置读取成功
[2026-08-31 19:22:50] [INFO] 配置读取成功
[2026-08-31 19:22:51] [INFO] 配置读取成功
[2026-08-31 19:22:52] [INFO] 配置读取成功
[2026-08-31 19:23:10] [INFO] 配置读取成功
[2026-08-31 19:23:23] [INFO] 配置读取成功
[2026-08-31 19:23:25] [INFO] 配置读取成功
[2026-08-31 19:23:26] [INFO] 配置读取成功
[2026-08-31 19:23:31] [INFO] 配置读取成功
[2026-08-31 19:23:35] [INFO] 配置读取成功
[2026-08-31 19:23:36] [INFO] 配置读取成功
[2026-08-31 19:23:36] [INFO] 成功读取CSV：D:\桌面\王涵—AI 护心镜—基于深度学习异常定位与可解释XGBoost 的心电风险辅助筛查系统\ECG-Auxiliary-Screening\uploads\106_30s.csv，采样率360.00Hz，点数10800
[2026-08-31 19:23:36] [INFO] R峰检测完成，共34个
[2026-08-31 19:23:36] [INFO] HRV特征计算完成：{'HR': 69.66, 'RR_mean': 861.28, 'RR_std': 110.78, 'SDNN': 110.78, 'RMSSD': 40.63}
[2026-08-31 19:23:36] [INFO] 波形时间特征计算完成：{'PR': 109.03, 'QRS': 51.65, 'QT': 35.59, 'QTc': 34.92}
[2026-08-31 19:23:36] [INFO] 波形振幅特征计算完成：{'ST_shift': -0.273, 'P_amp': 0.201, 'T_amp': 0.47}
[2026-08-31 19:23:36] [INFO] 12项特征提取完成：{'HR': 69.66, 'RR_mean': 861.28, 'RR_std': 110.78, 'SDNN': 110.78, 'RMSSD': 40.63, 'PR': 109.03, 'QRS': 51.65, 'QT': 35.59, 'QTc': 34.92, 'ST_shift': -0.273, 'P_amp': 0.201, 'T_amp': 0.47}
[2026-08-31 19:23:36] [INFO] 心拍切分完成，共34个
[2026-08-31 19:23:37] [INFO] CNN推理完成，异常心拍数：0
[2026-08-31 19:23:37] [INFO] XGBoost模型加载成功
[2026-08-31 19:23:37] [INFO] 模型推理完成：risk=低危, score=0.8449
[2026-08-31 19:23:37] [INFO] XGBoost模型加载成功
[2026-08-31 19:23:37] [INFO] SHAP解释计算完成
[2026-08-31 19:23:38] [INFO] 配置读取成功
[2026-08-31 19:23:55] [INFO] 配置读取成功
[2026-08-31 19:23:58] [INFO] 配置读取成功
[2026-08-31 19:24:05] [INFO] 配置读取成功
[2026-08-31 19:24:21] [INFO] 配置读取成功
[2026-08-31 19:24:21] [INFO] 配置读取成功
[2026-08-31 19:24:24] [INFO] 配置读取成功
[2026-08-31 19:24:50] [INFO] 配置读取成功
[2026-08-31 19:24:51] [INFO] 配置读取成功
[2026-08-31 19:25:08] [INFO] 配置读取成功
[2026-08-31 19:25:11] [INFO] 配置读取成功
[2026-08-31 19:25:32] [INFO] 配置读取成功
[2026-08-31 19:25:37] [INFO] 配置读取成功
[2026-08-31 19:25:38] [INFO] 配置读取成功
[2026-08-31 19:26:28] [INFO] 配置读取成功
[2026-08-31 19:26:30] [INFO] 配置读取成功
[2026-08-31 19:26:36] [INFO] 配置读取成功
[2026-08-31 19:26:41] [INFO] 配置读取成功
[2026-08-31 19:26:49] [INFO] 配置读取成功
[2026-08-31 19:26:50] [INFO] 配置读取成功
[2026-08-31 19:26:53] [INFO] 配置读取成功
[2026-08-31 19:26:57] [INFO] 配置读取成功
[2026-08-31 21:38:37] [INFO] 配置读取成功
[2026-08-31 21:38:44] [INFO] 配置读取成功
[2026-08-31 21:39:00] [INFO] 配置读取成功
[2026-08-31 21:39:14] [INFO] 配置读取成功
[2026-08-31 21:42:34] [INFO] 配置读取成功
[2026-08-31 21:42:37] [INFO] 配置读取成功
[2026-08-31 21:42:39] [INFO] 配置读取成功
[2026-08-31 21:42:40] [INFO] 配置读取成功
[2026-08-31 21:42:40] [INFO] 配置读取成功
[2026-08-31 21:42:44] [INFO] 配置读取成功
[2026-08-31 21:43:23] [INFO] 配置读取成功
[2026-08-31 21:49:24] [INFO] 配置读取成功
[2026-08-31 21:49:27] [INFO] 配置读取成功
[2026-08-31 21:50:26] [INFO] 配置读取成功
[2026-08-31 21:50:40] [INFO] 配置读取成功
[2026-08-31 21:50:42] [INFO] 配置读取成功
[2026-08-31 21:50:43] [INFO] 配置读取成功
[2026-08-31 21:50:45] [INFO] 配置读取成功
[2026-08-31 21:51:22] [INFO] 配置读取成功
[2026-08-31 22:24:43] [ERROR] 配置读取失败：Expecting property name enclosed in double quotes: line 6 column 1 (char 129)
[2026-08-31 22:53:40] [ERROR] 配置读取失败：Expecting property name enclosed in double quotes: line 6 column 1 (char 129)
